Archive member included to satisfy reference by file (symbol)

../../../libs/libDaisy/build\libdaisy.a(daisy_seed.o)
                              build/main.o (daisy::DaisySeed::DelayMs(unsigned int))
../../../libs/libDaisy/build\libdaisy.a(codec_ak4556.o)
                              ../../../libs/libDaisy/build\libdaisy.a(daisy_seed.o) (daisy::Ak4556::Init(daisy::Pin))
../../../libs/libDaisy/build\libdaisy.a(codec_wm8731.o)
                              ../../../libs/libDaisy/build\libdaisy.a(daisy_seed.o) (daisy::Wm8731::Init(daisy::Wm8731::Config const&, daisy::I2CHandle))
../../../libs/libDaisy/build\libdaisy.a(sdram.o)
                              ../../../libs/libDaisy/build\libdaisy.a(daisy_seed.o) (SdramHandle::Init())
../../../libs/libDaisy/build\libdaisy.a(audio.o)
                              ../../../libs/libDaisy/build\libdaisy.a(daisy_seed.o) (daisy::AudioHandle::Init(daisy::AudioHandle::Config const&, daisy::SaiHandle))
../../../libs/libDaisy/build\libdaisy.a(gpio.o)
                              ../../../libs/libDaisy/build\libdaisy.a(daisy_seed.o) (daisy::GPIO::Init(daisy::GPIO::Config const&))
../../../libs/libDaisy/build\libdaisy.a(i2c.o)
                              ../../../libs/libDaisy/build\libdaisy.a(daisy_seed.o) (daisy::I2CHandle::Init(daisy::I2CHandle::Config const&))
../../../libs/libDaisy/build\libdaisy.a(qspi.o)
                              ../../../libs/libDaisy/build\libdaisy.a(daisy_seed.o) (daisy::QSPIHandle::Init(daisy::QSPIHandle::Config const&))
../../../libs/libDaisy/build\libdaisy.a(sai.o)
                              ../../../libs/libDaisy/build\libdaisy.a(daisy_seed.o) (daisy::SaiHandle::Init(daisy::SaiHandle::Config const&))
../../../libs/libDaisy/build\libdaisy.a(system.o)
                              ../../../libs/libDaisy/build\libdaisy.a(daisy_seed.o) (daisy::System::DeInit())
../../../libs/libDaisy/build\libdaisy.a(system_stm32h7xx.o)
                              build/startup_stm32h750xx.o (SystemInit)
../../../libs/libDaisy/build\libdaisy.a(usbd_conf.o)
                              ../../../libs/libDaisy/build\libdaisy.a(system.o) (hpcd_USB_OTG_HS)
../../../libs/libDaisy/build\libdaisy.a(usbh_conf.o)
                              ../../../libs/libDaisy/build\libdaisy.a(system.o) (hhcd_USB_OTG_HS)
../../../libs/libDaisy/build\libdaisy.a(oled_fonts.o)
                              build/displayHandler.o (Font_16x26)
../../../libs/libDaisy/build\libdaisy.a(stm32h7xx_hal.o)
                              ../../../libs/libDaisy/build\libdaisy.a(system.o) (HAL_Init)
../../../libs/libDaisy/build\libdaisy.a(stm32h7xx_hal_cortex.o)
                              ../../../libs/libDaisy/build\libdaisy.a(stm32h7xx_hal.o) (HAL_NVIC_SetPriorityGrouping)
../../../libs/libDaisy/build\libdaisy.a(stm32h7xx_hal_dma.o)
                              ../../../libs/libDaisy/build\libdaisy.a(i2c.o) (HAL_DMA_Init)
../../../libs/libDaisy/build\libdaisy.a(stm32h7xx_hal_gpio.o)
                              ../../../libs/libDaisy/build\libdaisy.a(sdram.o) (HAL_GPIO_Init)
../../../libs/libDaisy/build\libdaisy.a(stm32h7xx_hal_hcd.o)
                              ../../../libs/libDaisy/build\libdaisy.a(usbh_conf.o) (HAL_HCD_HC_Init)
../../../libs/libDaisy/build\libdaisy.a(stm32h7xx_hal_i2c.o)
                              ../../../libs/libDaisy/build\libdaisy.a(i2c.o) (HAL_I2C_Init)
../../../libs/libDaisy/build\libdaisy.a(stm32h7xx_hal_i2c_ex.o)
                              ../../../libs/libDaisy/build\libdaisy.a(i2c.o) (HAL_I2CEx_ConfigAnalogFilter)
../../../libs/libDaisy/build\libdaisy.a(stm32h7xx_hal_pcd.o)
                              ../../../libs/libDaisy/build\libdaisy.a(usbd_conf.o) (HAL_PCD_Init)
../../../libs/libDaisy/build\libdaisy.a(stm32h7xx_hal_pcd_ex.o)
                              ../../../libs/libDaisy/build\libdaisy.a(usbd_conf.o) (HAL_PCDEx_SetTxFiFo)
../../../libs/libDaisy/build\libdaisy.a(stm32h7xx_hal_pwr_ex.o)
                              ../../../libs/libDaisy/build\libdaisy.a(system.o) (HAL_PWREx_ConfigSupply)
../../../libs/libDaisy/build\libdaisy.a(stm32h7xx_hal_qspi.o)
                              ../../../libs/libDaisy/build\libdaisy.a(qspi.o) (HAL_QSPI_Init)
../../../libs/libDaisy/build\libdaisy.a(stm32h7xx_hal_rcc.o)
                              ../../../libs/libDaisy/build\libdaisy.a(system.o) (HAL_RCC_OscConfig)
../../../libs/libDaisy/build\libdaisy.a(stm32h7xx_hal_rcc_ex.o)
                              ../../../libs/libDaisy/build\libdaisy.a(system.o) (HAL_RCCEx_PeriphCLKConfig)
../../../libs/libDaisy/build\libdaisy.a(stm32h7xx_hal_sai.o)
                              ../../../libs/libDaisy/build\libdaisy.a(sai.o) (HAL_SAI_InitProtocol)
../../../libs/libDaisy/build\libdaisy.a(stm32h7xx_hal_sdram.o)
                              ../../../libs/libDaisy/build\libdaisy.a(sdram.o) (HAL_SDRAM_Init)
../../../libs/libDaisy/build\libdaisy.a(stm32h7xx_ll_fmc.o)
[...]
Memory Configuration

Name             Origin             Length             Attributes
FLASH            0x08000000         0x00020000         xr
DTCMRAM          0x20000000         0x00020000         xrw
SRAM             0x24000000         0x00080000         xrw
RAM_D2           0x30000000         0x00048000         xrw
RAM_D3           0x38000000         0x00010000         xrw
BACKUP_SRAM      0x38800000         0x00001000         xrw
ITCMRAM          0x00000000         0x00010000         xrw
SDRAM            0xc0000000         0x04000000         xrw
QSPIFLASH        0x90000000         0x00800000         xr
*default*        0x00000000         0xffffffff

Linker script and memory map

LOAD c:/program files/daisytoolchain/bin/../lib/gcc/arm-none-eabi/10.2.1/thumb/v7e-m+dp/hard/crti.o
LOAD c:/program files/daisytoolchain/bin/../lib/gcc/arm-none-eabi/10.2.1/thumb/v7e-m+dp/hard/crtbegin.o
LOAD c:/program files/daisytoolchain/bin/../lib/gcc/arm-none-eabi/10.2.1/../../../../arm-none-eabi/lib/thumb/v7e-m+dp/hard/crt0.o
LOAD build/startup_stm32h750xx.o
LOAD build/main.o
LOAD build/effectWrapper.o
LOAD build/sigChain_handler.o
LOAD build/effectInterface.o
LOAD build/displayHandler.o
LOAD ../../../libs/libDaisy/build\libdaisy.a
LOAD c:/program files/daisytoolchain/bin/../lib/gcc/arm-none-eabi/10.2.1/../../../../arm-none-eabi/lib/thumb/v7e-m+dp/hard\libnosys.a
LOAD ../../../libs/DaisySP/build\libdaisysp.a
LOAD c:/program files/daisytoolchain/bin/../lib/gcc/arm-none-eabi/10.2.1/../../../../arm-none-eabi/lib/thumb/v7e-m+dp/hard\libstdc++_nano.a
LOAD c:/program files/daisytoolchain/bin/../lib/gcc/arm-none-eabi/10.2.1/../../../../arm-none-eabi/lib/thumb/v7e-m+dp/hard\libm.a
LOAD c:/program files/daisytoolchain/bin/../lib/gcc/arm-none-eabi/10.2.1/../../../../arm-none-eabi/lib/thumb/v7e-m+dp/hard\libc_nano.a
START GROUP
LOAD c:/program files/daisytoolchain/bin/../lib/gcc/arm-none-eabi/10.2.1/thumb/v7e-m+dp/hard\libgcc.a
LOAD c:/program files/daisytoolchain/bin/../lib/gcc/arm-none-eabi/10.2.1/../../../../arm-none-eabi/lib/thumb/v7e-m+dp/hard\libc_nano.a
END GROUP
START GROUP
LOAD c:/program files/daisytoolchain/bin/../lib/gcc/arm-none-eabi/10.2.1/thumb/v7e-m+dp/hard\libgcc.a
LOAD c:/program files/daisytoolchain/bin/../lib/gcc/arm-none-eabi/10.2.1/../../../../arm-none-eabi/lib/thumb/v7e-m+dp/hard\libc_nano.a
LOAD c:/program files/daisytoolchain/bin/../lib/gcc/arm-none-eabi/10.2.1/../../../../arm-none-eabi/lib/thumb/v7e-m+dp/hard\libnosys.a
END GROUP
START GROUP
LOAD c:/program files/daisytoolchain/bin/../lib/gcc/arm-none-eabi/10.2.1/thumb/v7e-m+dp/hard\libgcc.a
LOAD c:/program files/daisytoolchain/bin/../lib/gcc/arm-none-eabi/10.2.1/../../../../arm-none-eabi/lib/thumb/v7e-m+dp/hard\libc_nano.a
LOAD c:/program files/daisytoolchain/bin/../lib/gcc/arm-none-eabi/10.2.1/../../../../arm-none-eabi/lib/thumb/v7e-m+dp/hard\libnosys.a
END GROUP
LOAD c:/program files/daisytoolchain/bin/../lib/gcc/arm-none-eabi/10.2.1/thumb/v7e-m+dp/hard/crtend.o
LOAD c:/program files/daisytoolchain/bin/../lib/gcc/arm-none-eabi/10.2.1/thumb/v7e-m+dp/hard/crtn.o
                0x20020000                _estack = 0x20020000

.isr_vector     0x08000000      0x298
                0x08000000                . = ALIGN (0x4)
 *(.isr_vector)
 .isr_vector    0x08000000      0x298 build/startup_stm32h750xx.o
                0x08000000                g_pfnVectors
                0x08000298                . = ALIGN (0x4)

.text           0x08000298    0x11c60
                0x08000298                . = ALIGN (0x4)
                0x08000298                _stext = .
 *(.text)
 .text          0x08000298       0x40 c:/program files/daisytoolchain/bin/../lib/gcc/arm-none-eabi/10.2.1/thumb/v7e-m+dp/hard/crtbegin.o
 .text          0x080002d8      0x378 c:/program files/daisytoolchain/bin/../lib/gcc/arm-none-eabi/10.2.1/thumb/v7e-m+dp/hard\libgcc.a(_arm_addsubdf3.o)
                0x080002d8                __aeabi_drsub
                0x080002e0                __aeabi_dsub
                0x080002e0                __subdf3
                0x080002e4                __aeabi_dadd
                0x080002e4                __adddf3
                0x0800055c                __floatunsidf
                0x0800055c                __aeabi_ui2d
                0x0800057c                __floatsidf
                0x0800057c                __aeabi_i2d
                0x080005a0                __aeabi_f2d
                0x080005a0                __extendsfdf2
                0x080005e4                __floatundidf
                0x080005e4                __aeabi_ul2d
                0x080005f4                __floatdidf
                0x080005f4                __aeabi_l2d
 .text          0x08000650       0x30 c:/program files/daisytoolchain/bin/../lib/gcc/arm-none-eabi/10.2.1/thumb/v7e-m+dp/hard\libgcc.a(_aeabi_uldivmod.o)
                0x08000650                __aeabi_uldivmod
 .text          0x08000680      0x2d0 c:/program files/daisytoolchain/bin/../lib/gcc/arm-none-eabi/10.2.1/thumb/v7e-m+dp/hard\libgcc.a(_udivmoddi4.o)
                0x08000680                __udivmoddi4
 .text          0x08000950        0x4 c:/program files/daisytoolchain/bin/../lib/gcc/arm-none-eabi/10.2.1/thumb/v7e-m+dp/hard\libgcc.a(_dvmd_tls.o)
                0x08000950                __aeabi_idiv0
                0x08000950                __aeabi_ldiv0
 *(.text*)
 .text.Default_Handler
                0x08000954        0xc build/startup_stm32h750xx.o
                0x08000954                RTC_Alarm_IRQHandler
                0x08000954                HASH_RNG_IRQHandler
                0x08000954                EXTI2_IRQHandler
                0x08000954                TIM8_CC_IRQHandler
                0x08000954                HRTIM1_Master_IRQHandler
                0x08000954                DebugMon_Handler
                0x08000954                TIM1_CC_IRQHandler
                0x08000954                BDMA_Channel6_IRQHandler
                0x08000954                DMA2_Stream5_IRQHandler
                0x08000954                HRTIM1_FLT_IRQHandler
                0x08000954                JPEG_IRQHandler
                0x08000954                BDMA_Channel1_IRQHandler
                0x08000954                HRTIM1_TIMD_IRQHandler
                0x08000954                TAMP_STAMP_IRQHandler
                0x08000954                PendSV_Handler
                0x08000954                NMI_Handler
                0x08000954                EXTI3_IRQHandler
                0x08000954                LPTIM4_IRQHandler
                0x08000954                TIM8_TRG_COM_TIM14_IRQHandler
                0x08000954                LPTIM2_IRQHandler
                0x08000954                DFSDM1_FLT1_IRQHandler
                0x08000954                DMAMUX2_OVR_IRQHandler
                0x08000954                TIM8_UP_TIM13_IRQHandler
                0x08000954                I2C3_ER_IRQHandler
                0x08000954                DFSDM1_FLT2_IRQHandler
                0x08000954                MDMA_IRQHandler
                0x08000954                LPTIM3_IRQHandler
                0x08000954                HSEM1_IRQHandler
                0x08000954                EXTI0_IRQHandler
                0x08000954                DMA1_Stream2_IRQHandler
                0x08000954                FPU_IRQHandler
                0x08000954                OTG_HS_WKUP_IRQHandler
                0x08000954                FDCAN1_IT1_IRQHandler
                0x08000954                UsageFault_Handler
                0x08000954                LTDC_ER_IRQHandler
                0x08000954                HRTIM1_TIME_IRQHandler
                0x08000954                TIM6_DAC_IRQHandler
                0x08000954                DCMI_IRQHandler
                0x08000954                HRTIM1_TIMC_IRQHandler
                0x08000954                SAI2_IRQHandler
                0x08000954                DFSDM1_FLT3_IRQHandler
                0x08000954                TIM17_IRQHandler
                0x08000954                CRYP_IRQHandler
                0x08000954                BDMA_Channel7_IRQHandler
                0x08000954                LPTIM5_IRQHandler
                0x08000954                ADC3_IRQHandler
                0x08000954                DMA2_Stream0_IRQHandler
                0x08000954                BDMA_Channel2_IRQHandler
                0x08000954                DMAMUX1_OVR_IRQHandler
                0x08000954                TIM16_IRQHandler
                0x08000954                BDMA_Channel5_IRQHandler
                0x08000954                RCC_IRQHandler
                0x08000954                TIM8_BRK_TIM12_IRQHandler
                0x08000954                TIM1_TRG_COM_IRQHandler
                0x08000954                Default_Handler
                0x08000954                ECC_IRQHandler
                0x08000954                CEC_IRQHandler
                0x08000954                EXTI15_10_IRQHandler
                0x08000954                BDMA_Channel0_IRQHandler
                0x08000954                ADC_IRQHandler
                0x08000954                DMA1_Stream7_IRQHandler
                0x08000954                HRTIM1_TIMA_IRQHandler
                0x08000954                TIM7_IRQHandler
                0x08000954                SDMMC1_IRQHandler
                0x08000954                DMA2_Stream7_IRQHandler
                0x08000954                TIM15_IRQHandler
                0x08000954                PVD_AVD_IRQHandler
                0x08000954                EXTI9_5_IRQHandler
                0x08000954                RTC_WKUP_IRQHandler
                0x08000954                LTDC_IRQHandler
                0x08000954                SAI3_IRQHandler
                0x08000954                ETH_WKUP_IRQHandler
                0x08000954                SPDIF_RX_IRQHandler
                0x08000954                MemManage_Handler
                0x08000954                SVC_Handler
                0x08000954                CRS_IRQHandler
                0x08000954                EXTI4_IRQHandler
                0x08000954                HRTIM1_TIMB_IRQHandler
                0x08000954                FDCAN2_IT1_IRQHandler
                0x08000954                ETH_IRQHandler
                0x08000954                TIM1_UP_IRQHandler
                0x08000954                BDMA_Channel4_IRQHandler
                0x08000954                WWDG_IRQHandler
                0x08000954                SPI6_IRQHandler
                0x08000954                I2C4_EV_IRQHandler
                0x08000954                MDIOS_IRQHandler
                0x08000954                FDCAN2_IT0_IRQHandler
                0x08000954                FDCAN1_IT0_IRQHandler
                0x08000954                OTG_FS_WKUP_IRQHandler
                0x08000954                DMA2D_IRQHandler
                0x08000954                TIM1_BRK_IRQHandler
                0x08000954                EXTI1_IRQHandler
                0x08000954                SDMMC2_IRQHandler
                0x08000954                OTG_FS_EP1_OUT_IRQHandler
                0x08000954                BDMA_Channel3_IRQHandler
                0x08000954                MDIOS_WKUP_IRQHandler
                0x08000954                DFSDM1_FLT0_IRQHandler
                0x08000954                SAI4_IRQHandler
                0x08000954                I2C2_ER_IRQHandler
                0x08000954                DMA2_Stream1_IRQHandler
                0x08000954                FLASH_IRQHandler
                0x08000954                BusFault_Handler
                0x08000954                OTG_FS_IRQHandler
                0x08000954                WAKEUP_PIN_IRQHandler
                0x08000954                OTG_FS_EP1_IN_IRQHandler
                0x08000954                I2C1_ER_IRQHandler
                0x08000954                FMC_IRQHandler
                0x08000954                FDCAN_CAL_IRQHandler
                0x08000954                SWPMI1_IRQHandler
                0x08000954                COMP1_IRQHandler
                0x08000954                LPTIM1_IRQHandler
                0x08000954                I2C4_ER_IRQHandler
                0x08000954                DMA2_Stream6_IRQHandler
                0x08000954                SAI1_IRQHandler
 .text.Reset_Handler
                0x08000960       0x44 build/startup_stm32h750xx.o
                0x08000960                Reset_Handler
 .text._ZN5daisy9DaisySeedD2Ev
                0x080009a4        0x4 build/main.o
                0x080009a4                daisy::DaisySeed::~DaisySeed()
                0x080009a4                daisy::DaisySeed::~DaisySeed()
 .text._ZN7daisysp10OscillatorD2Ev
                0x080009a8        0x4 build/main.o
                0x080009a8                daisysp::Oscillator::~Oscillator()
                0x080009a8                daisysp::Oscillator::~Oscillator()
 .text._ZN7daisysp7TremoloD2Ev
                0x080009ac        0x4 build/main.o
                0x080009ac                daisysp::Tremolo::~Tremolo()
                0x080009ac                daisysp::Tremolo::~Tremolo()
 .text._Z13AudioCallbackPKPKfPPfj
                0x080009b0       0x70 build/main.o
                0x080009b0                AudioCallback(float const* const*, float**, unsigned int)
 .text._ZN7daisysp10Oscillator7SetFreqEf
                0x08000a20       0x14 build/main.o
                0x08000a20                daisysp::Oscillator::SetFreq(float)
 .text._ZN13EffectWrapperIN7daisysp7TremoloEfffvE7ProcessEf
                0x08000a34       0x48 build/main.o
                0x08000a34                EffectWrapper<daisysp::Tremolo, float, float, float, void>::Process(float)
 .text._ZN13EffectWrapperIN7daisysp10OscillatorEfffvE7ProcessEf
                0x08000a7c       0x48 build/main.o
                0x08000a7c                EffectWrapper<daisysp::Oscillator, float, float, float, void>::Process(float)
 .text.startup.main
                0x08000ac4      0x1a8 build/main.o
                0x08000ac4                main
 .text.startup._GLOBAL__sub_I_hw
                0x08000c6c       0x78 build/main.o
 .text._ZN5daisy9DaisySeed7DelayMsEj
                0x08000ce4        0x8 ../../../libs/libDaisy/build\libdaisy.a(daisy_seed.o)
                0x08000ce4                daisy::DaisySeed::DelayMs(unsigned int)
 .text._ZN5daisy9DaisySeed10StartAudioEPFvPKPKfPPfjE
                0x08000cec        0x8 ../../../libs/libDaisy/build\libdaisy.a(daisy_seed.o)
                0x08000cec                daisy::DaisySeed::StartAudio(void (*)(float const* const*, float**, unsigned int))
 .text._ZN5daisy9DaisySeed18SetAudioSampleRateENS_9SaiHandle6Config10SampleRateE
                0x08000cf4       0x38 ../../../libs/libDaisy/build\libdaisy.a(daisy_seed.o)
                0x08000cf4                daisy::DaisySeed::SetAudioSampleRate(daisy::SaiHandle::Config::SampleRate)
 .text._ZN5daisy9DaisySeed17SetAudioBlockSizeEj
                0x08000d2c       0x38 ../../../libs/libDaisy/build\libdaisy.a(daisy_seed.o)
                0x08000d2c                daisy::DaisySeed::SetAudioBlockSize(unsigned int)
 .text._ZN5daisy9DaisySeed17CheckBoardVersionEv
                0x08000d64       0x6c ../../../libs/libDaisy/build\libdaisy.a(daisy_seed.o)
                0x08000d64                daisy::DaisySeed::CheckBoardVersion()
 .text._ZN5daisy9DaisySeed14ConfigureAudioEv
                0x08000dd0      0x110 ../../../libs/libDaisy/build\libdaisy.a(daisy_seed.o)
                0x08000dd0                daisy::DaisySeed::ConfigureAudio()
 .text._ZN5daisy9DaisySeed4InitEb
                0x08000ee0      0x104 ../../../libs/libDaisy/build\libdaisy.a(daisy_seed.o)
                0x08000ee0                daisy::DaisySeed::Init(bool)
 .text._ZN5daisy6Ak45564InitENS_3PinE
                0x08000fe4       0x44 ../../../libs/libDaisy/build\libdaisy.a(codec_ak4556.o)
                0x08000fe4                daisy::Ak4556::Init(daisy::Pin)
 .text._ZN5daisy6Wm873120WriteControlRegisterEht
                0x08001028       0x3c ../../../libs/libDaisy/build\libdaisy.a(codec_wm8731.o)
                0x08001028                daisy::Wm8731::WriteControlRegister(unsigned char, unsigned short)
 .text._ZN5daisy6Wm87314InitERKNS0_6ConfigENS_9I2CHandleE
                0x08001064      0x1bc ../../../libs/libDaisy/build\libdaisy.a(codec_wm8731.o)
                0x08001064                daisy::Wm8731::Init(daisy::Wm8731::Config const&, daisy::I2CHandle)
 .text._ZN11SdramHandle10DeviceInitEv
                0x08001220       0x98 ../../../libs/libDaisy/build\libdaisy.a(sdram.o)
                0x08001220                SdramHandle::DeviceInit()
 .text._ZN11SdramHandle4InitEv
                0x080012b8       0x7c ../../../libs/libDaisy/build\libdaisy.a(sdram.o)
                0x080012b8                SdramHandle::Init()
 .text.HAL_SDRAM_MspInit
                0x08001334      0x1a8 ../../../libs/libDaisy/build\libdaisy.a(sdram.o)
                0x08001334                HAL_SDRAM_MspInit
 .text._ZN5daisy11AudioHandle4Impl16InternalCallbackEPlS2_j
                0x080014dc      0xbbc ../../../libs/libDaisy/build\libdaisy.a(audio.o)
                0x080014dc                daisy::AudioHandle::Impl::InternalCallback(long*, long*, unsigned int)
 .text._ZN5daisy11AudioHandle4InitERKNS0_6ConfigENS_9SaiHandleE
                0x08002098       0x70 ../../../libs/libDaisy/build\libdaisy.a(audio.o)
                0x08002098                daisy::AudioHandle::Init(daisy::AudioHandle::Config const&, daisy::SaiHandle)
 .text._ZNK5daisy11AudioHandle9GetConfigEv
                0x08002108        0x8 ../../../libs/libDaisy/build\libdaisy.a(audio.o)
                0x08002108                daisy::AudioHandle::GetConfig() const
 .text._ZN5daisy11AudioHandle12SetBlockSizeEj
                0x08002110       0x1c ../../../libs/libDaisy/build\libdaisy.a(audio.o)
                0x08002110                daisy::AudioHandle::SetBlockSize(unsigned int)
 .text._ZN5daisy11AudioHandle13GetSampleRateEv
                0x0800212c        0x8 ../../../libs/libDaisy/build\libdaisy.a(audio.o)
                0x0800212c                daisy::AudioHandle::GetSampleRate()
 .text._ZN5daisy11AudioHandle13SetSampleRateENS_9SaiHandle6Config10SampleRateE
                0x08002134       0xa8 ../../../libs/libDaisy/build\libdaisy.a(audio.o)
                0x08002134                daisy::AudioHandle::SetSampleRate(daisy::SaiHandle::Config::SampleRate)
 .text._ZN5daisy11AudioHandle5StartEPFvPKPKfPPfjE
                0x080021dc       0x44 ../../../libs/libDaisy/build\libdaisy.a(audio.o)
                0x080021dc                daisy::AudioHandle::Start(void (*)(float const* const*, float**, unsigned int))
 .text.startup._GLOBAL__sub_I__ZN5daisy11AudioHandle4Impl4InitENS0_6ConfigENS_9SaiHandleE
                0x08002220       0x24 ../../../libs/libDaisy/build\libdaisy.a(audio.o)
 .text._ZN5daisy4GPIO4InitERKNS0_6ConfigE
                0x08002244      0x1cc ../../../libs/libDaisy/build\libdaisy.a(gpio.o)
                0x08002244                daisy::GPIO::Init(daisy::GPIO::Config const&)
 .text._ZN5daisy4GPIO4InitENS_3PinENS0_4ModeENS0_4PullENS0_5SpeedE
                0x08002410      0x1cc ../../../libs/libDaisy/build\libdaisy.a(gpio.o)
                0x08002410                daisy::GPIO::Init(daisy::Pin, daisy::GPIO::Mode, daisy::GPIO::Pull, daisy::GPIO::Speed)
 .text._ZN5daisy4GPIO4ReadEv
                0x080025dc       0x18 ../../../libs/libDaisy/build\libdaisy.a(gpio.o)
                0x080025dc                daisy::GPIO::Read()
 .text._ZN5daisy4GPIO5WriteEb
                0x080025f4       0x14 ../../../libs/libDaisy/build\libdaisy.a(gpio.o)
                0x080025f4                daisy::GPIO::Write(bool)
 .text._ZN5daisy9I2CHandle4Impl8InitPinsEv
                0x08002608       0x70 ../../../libs/libDaisy/build\libdaisy.a(i2c.o)
                0x08002608                daisy::I2CHandle::Impl::InitPins()
 .text.HAL_I2C_MspInit
                0x08002678      0x1b4 ../../../libs/libDaisy/build\libdaisy.a(i2c.o)
                0x08002678                HAL_I2C_MspInit
 .text.dsy_i2c_global_init
                0x0800282c       0x78 ../../../libs/libDaisy/build\libdaisy.a(i2c.o)
                0x0800282c                dsy_i2c_global_init
 .text.DMA1_Stream6_IRQHandler
                0x080028a4       0x34 ../../../libs/libDaisy/build\libdaisy.a(i2c.o)
                0x080028a4                DMA1_Stream6_IRQHandler
 .text.I2C1_EV_IRQHandler
                0x080028d8        0xc ../../../libs/libDaisy/build\libdaisy.a(i2c.o)
                0x080028d8                I2C1_EV_IRQHandler
 .text.I2C2_EV_IRQHandler
                0x080028e4        0xc ../../../libs/libDaisy/build\libdaisy.a(i2c.o)
                0x080028e4                I2C2_EV_IRQHandler
 .text.I2C3_EV_IRQHandler
                0x080028f0        0xc ../../../libs/libDaisy/build\libdaisy.a(i2c.o)
                0x080028f0                I2C3_EV_IRQHandler
 .text._ZN5daisy9I2CHandle4InitERKNS0_6ConfigE
                0x080028fc      0x130 ../../../libs/libDaisy/build\libdaisy.a(i2c.o)
                0x080028fc                daisy::I2CHandle::Init(daisy::I2CHandle::Config const&)
 .text._ZN5daisy9I2CHandle16TransmitBlockingEtPhtm
                0x08002a2c       0x50 ../../../libs/libDaisy/build\libdaisy.a(i2c.o)
                0x08002a2c                daisy::I2CHandle::TransmitBlocking(unsigned short, unsigned char*, unsigned short, unsigned long)
 .text.startup._GLOBAL__sub_I__ZN5daisy9I2CHandle4Impl10GlobalInitEv
                0x08002a7c       0x2c ../../../libs/libDaisy/build\libdaisy.a(i2c.o)
 .text._ZN5daisy10QSPIHandle4Impl11WriteEnableEv
                0x08002aa8       0x8c ../../../libs/libDaisy/build\libdaisy.a(qspi.o)
                0x08002aa8                daisy::QSPIHandle::Impl::WriteEnable()
 *fill*         0x08002b34        0x4 
 .text._ZN5daisy10QSPIHandle4Impl17DummyCyclesConfigENS0_6Config6DeviceE
                0x08002b38      0x118 ../../../libs/libDaisy/build\libdaisy.a(qspi.o)
                0x08002b38                daisy::QSPIHandle::Impl::DummyCyclesConfig(daisy::QSPIHandle::Config::Device)
 .text._ZN5daisy10QSPIHandle4Impl10QuadEnableEv
                0x08002c50      0x168 ../../../libs/libDaisy/build\libdaisy.a(qspi.o)
                0x08002c50                daisy::QSPIHandle::Impl::QuadEnable()
 .text._ZN5daisy10QSPIHandle4Impl21DefaultStatusRegisterEv
                0x08002db8      0x158 ../../../libs/libDaisy/build\libdaisy.a(qspi.o)
                0x08002db8                daisy::QSPIHandle::Impl::DefaultStatusRegister()
 .text._ZN5daisy10QSPIHandle4Impl7PreInitEm
                0x08002f10      0x198 ../../../libs/libDaisy/build\libdaisy.a(qspi.o)
                0x08002f10                daisy::QSPIHandle::Impl::PreInit(unsigned long)
 .text._ZN5daisy10QSPIHandle4InitERKNS0_6ConfigE
                0x080030a8      0x1b4 ../../../libs/libDaisy/build\libdaisy.a(qspi.o)
                0x080030a8                daisy::QSPIHandle::Init(daisy::QSPIHandle::Config const&)
 .text.HAL_QSPI_MspInit
                0x0800325c      0x194 ../../../libs/libDaisy/build\libdaisy.a(qspi.o)
                0x0800325c                HAL_QSPI_MspInit
 .text.HAL_QSPI_MspDeInit
                0x080033f0       0x7c ../../../libs/libDaisy/build\libdaisy.a(qspi.o)
                0x080033f0                HAL_QSPI_MspDeInit
 .text.QUADSPI_IRQHandler
                0x0800346c        0xc ../../../libs/libDaisy/build\libdaisy.a(qspi.o)
                0x0800346c                QUADSPI_IRQHandler
 .text.startup._GLOBAL__sub_I__ZN5daisy10QSPIHandle4Impl7PreInitEm
                0x08003478       0x40 ../../../libs/libDaisy/build\libdaisy.a(qspi.o)
 .text._ZN5daisy9SaiHandle4Impl7InitDmaENS1_15PeripheralBlockE
                0x080034b8       0xa0 ../../../libs/libDaisy/build\libdaisy.a(sai.o)
                0x080034b8                daisy::SaiHandle::Impl::InitDma(daisy::SaiHandle::Impl::PeripheralBlock)
 .text._ZN5daisy9SaiHandle4Impl8InitPinsEv
                0x08003558       0xbc ../../../libs/libDaisy/build\libdaisy.a(sai.o)
                0x08003558                daisy::SaiHandle::Impl::InitPins()
 .text.HAL_SAI_MspInit
                0x08003614      0x164 ../../../libs/libDaisy/build\libdaisy.a(sai.o)
                0x08003614                HAL_SAI_MspInit
 .text.DMA1_Stream0_IRQHandler
                0x08003778        0xc ../../../libs/libDaisy/build\libdaisy.a(sai.o)
                0x08003778                DMA1_Stream0_IRQHandler
 .text.DMA1_Stream1_IRQHandler
                0x08003784        0xc ../../../libs/libDaisy/build\libdaisy.a(sai.o)
                0x08003784                DMA1_Stream1_IRQHandler
 .text.DMA1_Stream3_IRQHandler
                0x08003790        0xc ../../../libs/libDaisy/build\libdaisy.a(sai.o)
                0x08003790                DMA1_Stream3_IRQHandler
 .text.DMA1_Stream4_IRQHandler
                0x0800379c        0xc ../../../libs/libDaisy/build\libdaisy.a(sai.o)
                0x0800379c                DMA1_Stream4_IRQHandler
 .text.HAL_SAI_RxHalfCpltCallback
                0x080037a8       0x78 ../../../libs/libDaisy/build\libdaisy.a(sai.o)
                0x080037a8                HAL_SAI_RxHalfCpltCallback
 .text.HAL_SAI_RxCpltCallback
                0x08003820       0x70 ../../../libs/libDaisy/build\libdaisy.a(sai.o)
                0x08003820                HAL_SAI_RxCpltCallback
 .text._ZN5daisy9SaiHandle4InitERKNS0_6ConfigE
                0x08003890      0x1f0 ../../../libs/libDaisy/build\libdaisy.a(sai.o)
                0x08003890                daisy::SaiHandle::Init(daisy::SaiHandle::Config const&)
 .text._ZNK5daisy9SaiHandle9GetConfigEv
                0x08003a80        0x4 ../../../libs/libDaisy/build\libdaisy.a(sai.o)
                0x08003a80                daisy::SaiHandle::GetConfig() const
 .text._ZN5daisy9SaiHandle8StartDmaEPlS1_jPFvS1_S1_jE
                0x08003a84       0xbc ../../../libs/libDaisy/build\libdaisy.a(sai.o)
                0x08003a84                daisy::SaiHandle::StartDma(long*, long*, unsigned int, void (*)(long*, long*, unsigned int))
 .text._ZN5daisy9SaiHandle13GetSampleRateEv
                0x08003b40       0x24 ../../../libs/libDaisy/build\libdaisy.a(sai.o)
                0x08003b40                daisy::SaiHandle::GetSampleRate()
 .text._ZNK5daisy9SaiHandle9GetOffsetEv
                0x08003b64        0x8 ../../../libs/libDaisy/build\libdaisy.a(sai.o)
                0x08003b64                daisy::SaiHandle::GetOffset() const
 .text.startup._GLOBAL__sub_I__ZN5daisy9SaiHandle4Impl4InitERKNS0_6ConfigE
                0x08003b6c       0x20 ../../../libs/libDaisy/build\libdaisy.a(sai.o)
 .text._ZN5daisy11TimerHandleD2Ev
                0x08003b8c        0x4 ../../../libs/libDaisy/build\libdaisy.a(system.o)
                0x08003b8c                daisy::TimerHandle::~TimerHandle()
                0x08003b8c                daisy::TimerHandle::~TimerHandle()
 .text.SysTick_Handler
                0x08003b90       0x10 ../../../libs/libDaisy/build\libdaisy.a(system.o)
                0x08003b90                SysTick_Handler
 .text.OTG_HS_EP1_OUT_IRQHandler
                0x08003ba0       0x24 ../../../libs/libDaisy/build\libdaisy.a(system.o)
                0x08003ba0                OTG_HS_EP1_OUT_IRQHandler
 .text.OTG_HS_EP1_IN_IRQHandler
                0x08003bc4       0x24 ../../../libs/libDaisy/build\libdaisy.a(system.o)
                0x08003bc4                OTG_HS_EP1_IN_IRQHandler
 .text.OTG_HS_IRQHandler
                0x08003be8       0x24 ../../../libs/libDaisy/build\libdaisy.a(system.o)
                0x08003be8                OTG_HS_IRQHandler
 .text.HardFault_Handler
                0x08003c0c       0xe0 ../../../libs/libDaisy/build\libdaisy.a(system.o)
                0x08003c0c                HardFault_Handler
 .text._ZN5daisy6System5DelayEm
                0x08003cec        0x4 ../../../libs/libDaisy/build\libdaisy.a(system.o)
                0x08003cec                daisy::System::Delay(unsigned long)
 .text._ZN5daisy6System20GetBootloaderVersionEv
                0x08003cf0       0x34 ../../../libs/libDaisy/build\libdaisy.a(system.o)
                0x08003cf0                daisy::System::GetBootloaderVersion()
 *fill*         0x08003d24        0x4 
 .text._ZN5daisy6System15ConfigureClocksEv
                0x08003d28      0x1a4 ../../../libs/libDaisy/build\libdaisy.a(system.o)
                0x08003d28                daisy::System::ConfigureClocks()
 .text._ZN5daisy6System12ConfigureMpuEv
                0x08003ecc       0x7c ../../../libs/libDaisy/build\libdaisy.a(system.o)
                0x08003ecc                daisy::System::ConfigureMpu()
 .text._ZN5daisy6System4InitERKNS0_6ConfigE
                0x08003f48       0xf8 ../../../libs/libDaisy/build\libdaisy.a(system.o)
                0x08003f48                daisy::System::Init(daisy::System::Config const&)
 .text._ZN5daisy6System12GetPClk1FreqEv
                0x08004040        0x4 ../../../libs/libDaisy/build\libdaisy.a(system.o)
                0x08004040                daisy::System::GetPClk1Freq()
 .text._ZN5daisy6System22GetProgramMemoryRegionEv
                0x08004044       0x78 ../../../libs/libDaisy/build\libdaisy.a(system.o)
                0x08004044                daisy::System::GetProgramMemoryRegion()
 .text.startup._GLOBAL__sub_I__ZN5daisy9boot_infoE
                0x080040bc       0x1c ../../../libs/libDaisy/build\libdaisy.a(system.o)
 .text.SystemInit
                0x080040d8       0x9c ../../../libs/libDaisy/build\libdaisy.a(system_stm32h7xx.o)
                0x080040d8                SystemInit
 .text.HAL_PCD_SetupStageCallback
                0x08004174        0xc ../../../libs/libDaisy/build\libdaisy.a(usbd_conf.o)
                0x08004174                HAL_PCD_SetupStageCallback
 .text.HAL_PCD_DataOutStageCallback
                0x08004180       0x14 ../../../libs/libDaisy/build\libdaisy.a(usbd_conf.o)
                0x08004180                HAL_PCD_DataOutStageCallback
 .text.HAL_PCD_DataInStageCallback
                0x08004194       0x14 ../../../libs/libDaisy/build\libdaisy.a(usbd_conf.o)
                0x08004194                HAL_PCD_DataInStageCallback
 .text.HAL_PCD_SOFCallback
                0x080041a8        0x8 ../../../libs/libDaisy/build\libdaisy.a(usbd_conf.o)
                0x080041a8                HAL_PCD_SOFCallback
 .text.HAL_PCD_ResetCallback
                0x080041b0       0x24 ../../../libs/libDaisy/build\libdaisy.a(usbd_conf.o)
                0x080041b0                HAL_PCD_ResetCallback
 .text.HAL_PCD_SuspendCallback
                0x080041d4       0x30 ../../../libs/libDaisy/build\libdaisy.a(usbd_conf.o)
                0x080041d4                HAL_PCD_SuspendCallback
 .text.HAL_PCD_ResumeCallback
                0x08004204        0x8 ../../../libs/libDaisy/build\libdaisy.a(usbd_conf.o)
                0x08004204                HAL_PCD_ResumeCallback
 .text.HAL_PCD_ISOOUTIncompleteCallback
                0x0800420c        0x8 ../../../libs/libDaisy/build\libdaisy.a(usbd_conf.o)
                0x0800420c                HAL_PCD_ISOOUTIncompleteCallback
 .text.HAL_PCD_ISOINIncompleteCallback
                0x08004214        0x8 ../../../libs/libDaisy/build\libdaisy.a(usbd_conf.o)
                0x08004214                HAL_PCD_ISOINIncompleteCallback
 .text.HAL_PCD_ConnectCallback
                0x0800421c        0x8 ../../../libs/libDaisy/build\libdaisy.a(usbd_conf.o)
                0x0800421c                HAL_PCD_ConnectCallback
 .text.HAL_PCD_DisconnectCallback
                0x08004224        0x8 ../../../libs/libDaisy/build\libdaisy.a(usbd_conf.o)
                0x08004224                HAL_PCD_DisconnectCallback
 .text.USBD_LL_OpenEP
                0x0800422c       0x24 ../../../libs/libDaisy/build\libdaisy.a(usbd_conf.o)
                0x0800422c                USBD_LL_OpenEP
 .text.USBD_LL_StallEP
                0x08004250       0x1c ../../../libs/libDaisy/build\libdaisy.a(usbd_conf.o)
                0x08004250                USBD_LL_StallEP
 .text.USBD_LL_ClearStallEP
                0x0800426c       0x1c ../../../libs/libDaisy/build\libdaisy.a(usbd_conf.o)
                0x0800426c                USBD_LL_ClearStallEP
 .text.USBD_LL_IsStallEP
                0x08004288       0x28 ../../../libs/libDaisy/build\libdaisy.a(usbd_conf.o)
                0x08004288                USBD_LL_IsStallEP
 .text.USBD_LL_SetUSBAddress
                0x080042b0       0x1c ../../../libs/libDaisy/build\libdaisy.a(usbd_conf.o)
                0x080042b0                USBD_LL_SetUSBAddress
 .text.USBD_LL_Transmit
                0x080042cc       0x1c ../../../libs/libDaisy/build\libdaisy.a(usbd_conf.o)
                0x080042cc                USBD_LL_Transmit
 .text.USBD_LL_PrepareReceive
                0x080042e8       0x1c ../../../libs/libDaisy/build\libdaisy.a(usbd_conf.o)
                0x080042e8                USBD_LL_PrepareReceive
 .text.HAL_HCD_SOF_Callback
                0x08004304        0x8 ../../../libs/libDaisy/build\libdaisy.a(usbh_conf.o)
                0x08004304                HAL_HCD_SOF_Callback
 .text.HAL_HCD_Connect_Callback
                0x0800430c        0x8 ../../../libs/libDaisy/build\libdaisy.a(usbh_conf.o)
                0x0800430c                HAL_HCD_Connect_Callback
 .text.HAL_HCD_Disconnect_Callback
                0x08004314        0x8 ../../../libs/libDaisy/build\libdaisy.a(usbh_conf.o)
                0x08004314                HAL_HCD_Disconnect_Callback
 .text.HAL_HCD_HC_NotifyURBChange_Callback
                0x0800431c        0x4 ../../../libs/libDaisy/build\libdaisy.a(usbh_conf.o)
                0x0800431c                HAL_HCD_HC_NotifyURBChange_Callback
 .text.HAL_HCD_PortEnabled_Callback
                0x08004320        0x8 ../../../libs/libDaisy/build\libdaisy.a(usbh_conf.o)
                0x08004320                HAL_HCD_PortEnabled_Callback
 .text.HAL_HCD_PortDisabled_Callback
                0x08004328        0x8 ../../../libs/libDaisy/build\libdaisy.a(usbh_conf.o)
                0x08004328                HAL_HCD_PortDisabled_Callback
 .text.USBH_LL_Stop
                0x08004330       0x1c ../../../libs/libDaisy/build\libdaisy.a(usbh_conf.o)
                0x08004330                USBH_LL_Stop
 .text.HAL_MspInit
                0x0800434c        0x4 ../../../libs/libDaisy/build\libdaisy.a(stm32h7xx_hal.o)
                0x0800434c                HAL_MspInit
 .text.HAL_InitTick
                0x08004350       0x4c ../../../libs/libDaisy/build\libdaisy.a(stm32h7xx_hal.o)
                0x08004350                HAL_InitTick
 .text.HAL_Init
                0x0800439c       0x60 ../../../libs/libDaisy/build\libdaisy.a(stm32h7xx_hal.o)
                0x0800439c                HAL_Init
 .text.HAL_IncTick
                0x080043fc       0x18 ../../../libs/libDaisy/build\libdaisy.a(stm32h7xx_hal.o)
                0x080043fc                HAL_IncTick
 .text.HAL_GetTick
                0x08004414        0xc ../../../libs/libDaisy/build\libdaisy.a(stm32h7xx_hal.o)
                0x08004414                HAL_GetTick
 .text.HAL_Delay
                0x08004420       0x24 ../../../libs/libDaisy/build\libdaisy.a(stm32h7xx_hal.o)
                0x08004420                HAL_Delay
 .text.HAL_GetREVID
                0x08004444        0xc ../../../libs/libDaisy/build\libdaisy.a(stm32h7xx_hal.o)
                0x08004444                HAL_GetREVID
 .text.HAL_NVIC_SetPriorityGrouping
                0x08004450       0x24 ../../../libs/libDaisy/build\libdaisy.a(stm32h7xx_hal_cortex.o)
                0x08004450                HAL_NVIC_SetPriorityGrouping
 .text.HAL_NVIC_SetPriority
                0x08004474       0x7c ../../../libs/libDaisy/build\libdaisy.a(stm32h7xx_hal_cortex.o)
                0x08004474                HAL_NVIC_SetPriority
 .text.HAL_NVIC_EnableIRQ
                0x080044f0       0x1c ../../../libs/libDaisy/build\libdaisy.a(stm32h7xx_hal_cortex.o)
                0x080044f0                HAL_NVIC_EnableIRQ
 .text.HAL_NVIC_DisableIRQ
                0x0800450c       0x28 ../../../libs/libDaisy/build\libdaisy.a(stm32h7xx_hal_cortex.o)
                0x0800450c                HAL_NVIC_DisableIRQ
 .text.HAL_SYSTICK_Config
                0x08004534       0x2c ../../../libs/libDaisy/build\libdaisy.a(stm32h7xx_hal_cortex.o)
                0x08004534                HAL_SYSTICK_Config
 .text.HAL_MPU_Disable
                0x08004560       0x1c ../../../libs/libDaisy/build\libdaisy.a(stm32h7xx_hal_cortex.o)
                0x08004560                HAL_MPU_Disable
 .text.HAL_MPU_Enable
                0x0800457c       0x20 ../../../libs/libDaisy/build\libdaisy.a(stm32h7xx_hal_cortex.o)
                0x0800457c                HAL_MPU_Enable
 .text.HAL_MPU_ConfigRegion
                0x0800459c       0x64 ../../../libs/libDaisy/build\libdaisy.a(stm32h7xx_hal_cortex.o)
                0x0800459c                HAL_MPU_ConfigRegion
 .text.HAL_SYSTICK_Callback
                0x08004600        0x4 ../../../libs/libDaisy/build\libdaisy.a(stm32h7xx_hal_cortex.o)
                0x08004600                HAL_SYSTICK_Callback
 .text.HAL_SYSTICK_IRQHandler
                0x08004604        0x8 ../../../libs/libDaisy/build\libdaisy.a(stm32h7xx_hal_cortex.o)
                0x08004604                HAL_SYSTICK_IRQHandler
 .text.DMA_CalcBaseAndBitshift
                0x0800460c       0xf4 ../../../libs/libDaisy/build\libdaisy.a(stm32h7xx_hal_dma.o)
 .text.DMA_CalcDMAMUXChannelBaseAndMask
                0x08004700       0xd8 ../../../libs/libDaisy/build\libdaisy.a(stm32h7xx_hal_dma.o)
 .text.HAL_DMA_Init
                0x080047d8      0x4dc ../../../libs/libDaisy/build\libdaisy.a(stm32h7xx_hal_dma.o)
                0x080047d8                HAL_DMA_Init
 .text.HAL_DMA_Start_IT
                0x08004cb4      0x344 ../../../libs/libDaisy/build\libdaisy.a(stm32h7xx_hal_dma.o)
                0x08004cb4                HAL_DMA_Start_IT
 .text.HAL_DMA_Abort
                0x08004ff8      0x2f0 ../../../libs/libDaisy/build\libdaisy.a(stm32h7xx_hal_dma.o)
                0x08004ff8                HAL_DMA_Abort
 .text.HAL_DMA_Abort_IT
                0x080052e8      0x194 ../../../libs/libDaisy/build\libdaisy.a(stm32h7xx_hal_dma.o)
                0x080052e8                HAL_DMA_Abort_IT
 .text.HAL_DMA_IRQHandler
                0x0800547c      0x6a0 ../../../libs/libDaisy/build\libdaisy.a(stm32h7xx_hal_dma.o)
                0x0800547c                HAL_DMA_IRQHandler
 .text.HAL_DMA_GetError
                0x08005b1c        0x4 ../../../libs/libDaisy/build\libdaisy.a(stm32h7xx_hal_dma.o)
                0x08005b1c                HAL_DMA_GetError
 .text.HAL_GPIO_Init
                0x08005b20      0x274 ../../../libs/libDaisy/build\libdaisy.a(stm32h7xx_hal_gpio.o)
                0x08005b20                HAL_GPIO_Init
 .text.HAL_GPIO_DeInit
                0x08005d94      0x190 ../../../libs/libDaisy/build\libdaisy.a(stm32h7xx_hal_gpio.o)
                0x08005d94                HAL_GPIO_DeInit
 .text.HAL_GPIO_ReadPin
                0x08005f24        0xc ../../../libs/libDaisy/build\libdaisy.a(stm32h7xx_hal_gpio.o)
                0x08005f24                HAL_GPIO_ReadPin
 .text.HAL_GPIO_WritePin
                0x08005f30        0x8 ../../../libs/libDaisy/build\libdaisy.a(stm32h7xx_hal_gpio.o)
                0x08005f30                HAL_GPIO_WritePin
 .text.HAL_HCD_IRQHandler
                0x08005f38      0x8f4 ../../../libs/libDaisy/build\libdaisy.a(stm32h7xx_hal_hcd.o)
                0x08005f38                HAL_HCD_IRQHandler
 .text.HAL_HCD_Stop
                0x0800682c       0x28 ../../../libs/libDaisy/build\libdaisy.a(stm32h7xx_hal_hcd.o)
                0x0800682c                HAL_HCD_Stop
 .text.I2C_WaitOnTXISFlagUntilTimeout
                0x08006854      0x16c ../../../libs/libDaisy/build\libdaisy.a(stm32h7xx_hal_i2c.o)
 .text.I2C_WaitOnSTOPFlagUntilTimeout
                0x080069c0      0x168 ../../../libs/libDaisy/build\libdaisy.a(stm32h7xx_hal_i2c.o)
 .text.HAL_I2C_Init
                0x08006b28       0xac ../../../libs/libDaisy/build\libdaisy.a(stm32h7xx_hal_i2c.o)
                0x08006b28                HAL_I2C_Init
 .text.HAL_I2C_Master_Transmit
                0x08006bd4      0x37c ../../../libs/libDaisy/build\libdaisy.a(stm32h7xx_hal_i2c.o)
                0x08006bd4                HAL_I2C_Master_Transmit
 .text.HAL_I2C_Slave_Transmit
                0x08006f50      0x254 ../../../libs/libDaisy/build\libdaisy.a(stm32h7xx_hal_i2c.o)
                0x08006f50                HAL_I2C_Slave_Transmit
 .text.HAL_I2C_EV_IRQHandler
                0x080071a4       0x10 ../../../libs/libDaisy/build\libdaisy.a(stm32h7xx_hal_i2c.o)
                0x080071a4                HAL_I2C_EV_IRQHandler
 .text.HAL_I2C_GetState
                0x080071b4        0x8 ../../../libs/libDaisy/build\libdaisy.a(stm32h7xx_hal_i2c.o)
                0x080071b4                HAL_I2C_GetState
 .text.HAL_I2CEx_ConfigAnalogFilter
                0x080071bc       0x54 ../../../libs/libDaisy/build\libdaisy.a(stm32h7xx_hal_i2c_ex.o)
                0x080071bc                HAL_I2CEx_ConfigAnalogFilter
 .text.HAL_I2CEx_ConfigDigitalFilter
                0x08007210       0x58 ../../../libs/libDaisy/build\libdaisy.a(stm32h7xx_hal_i2c_ex.o)
                0x08007210                HAL_I2CEx_ConfigDigitalFilter
 .text.HAL_PCD_IRQHandler
                0x08007268      0xb48 ../../../libs/libDaisy/build\libdaisy.a(stm32h7xx_hal_pcd.o)
                0x08007268                HAL_PCD_IRQHandler
 .text.HAL_PCD_SetAddress
                0x08007db0       0x2c ../../../libs/libDaisy/build\libdaisy.a(stm32h7xx_hal_pcd.o)
                0x08007db0                HAL_PCD_SetAddress
 .text.HAL_PCD_EP_Open
                0x08007ddc       0x7c ../../../libs/libDaisy/build\libdaisy.a(stm32h7xx_hal_pcd.o)
                0x08007ddc                HAL_PCD_EP_Open
 .text.HAL_PCD_EP_Receive
                0x08007e58       0x44 ../../../libs/libDaisy/build\libdaisy.a(stm32h7xx_hal_pcd.o)
                0x08007e58                HAL_PCD_EP_Receive
 .text.HAL_PCD_EP_Transmit
                0x08007e9c       0x44 ../../../libs/libDaisy/build\libdaisy.a(stm32h7xx_hal_pcd.o)
                0x08007e9c                HAL_PCD_EP_Transmit
 .text.HAL_PCD_EP_SetStall
                0x08007ee0       0x88 ../../../libs/libDaisy/build\libdaisy.a(stm32h7xx_hal_pcd.o)
                0x08007ee0                HAL_PCD_EP_SetStall
 .text.HAL_PCD_EP_ClrStall
                0x08007f68       0x78 ../../../libs/libDaisy/build\libdaisy.a(stm32h7xx_hal_pcd.o)
                0x08007f68                HAL_PCD_EP_ClrStall
 .text.HAL_PCDEx_LPM_Callback
                0x08007fe0        0x4 ../../../libs/libDaisy/build\libdaisy.a(stm32h7xx_hal_pcd_ex.o)
                0x08007fe0                HAL_PCDEx_LPM_Callback
 .text.HAL_PWREx_ConfigSupply
                0x08007fe4       0x48 ../../../libs/libDaisy/build\libdaisy.a(stm32h7xx_hal_pwr_ex.o)
                0x08007fe4                HAL_PWREx_ConfigSupply
 .text.HAL_PWREx_EnableUSBVoltageDetector
                0x0800802c       0x10 ../../../libs/libDaisy/build\libdaisy.a(stm32h7xx_hal_pwr_ex.o)
                0x0800802c                HAL_PWREx_EnableUSBVoltageDetector
 .text.QSPI_Config
                0x0800803c      0x174 ../../../libs/libDaisy/build\libdaisy.a(stm32h7xx_hal_qspi.o)
 .text.HAL_QSPI_Init
                0x080081b0       0xb8 ../../../libs/libDaisy/build\libdaisy.a(stm32h7xx_hal_qspi.o)
                0x080081b0                HAL_QSPI_Init
 .text.HAL_QSPI_DeInit
                0x08008268       0x24 ../../../libs/libDaisy/build\libdaisy.a(stm32h7xx_hal_qspi.o)
                0x08008268                HAL_QSPI_DeInit
 .text.HAL_QSPI_Command
                0x0800828c       0xd4 ../../../libs/libDaisy/build\libdaisy.a(stm32h7xx_hal_qspi.o)
                0x0800828c                HAL_QSPI_Command
 .text.HAL_QSPI_Transmit
                0x08008360       0xfc ../../../libs/libDaisy/build\libdaisy.a(stm32h7xx_hal_qspi.o)
                0x08008360                HAL_QSPI_Transmit
 .text.HAL_QSPI_Receive
                0x0800845c      0x108 ../../../libs/libDaisy/build\libdaisy.a(stm32h7xx_hal_qspi.o)
                0x0800845c                HAL_QSPI_Receive
 .text.HAL_QSPI_AutoPolling
                0x08008564       0xf0 ../../../libs/libDaisy/build\libdaisy.a(stm32h7xx_hal_qspi.o)
                0x08008564                HAL_QSPI_AutoPolling
 .text.HAL_QSPI_MemoryMapped
                0x08008654       0xc0 ../../../libs/libDaisy/build\libdaisy.a(stm32h7xx_hal_qspi.o)
                0x08008654                HAL_QSPI_MemoryMapped
 .text.HAL_QSPI_ErrorCallback
                0x08008714        0x4 ../../../libs/libDaisy/build\libdaisy.a(stm32h7xx_hal_qspi.o)
                0x08008714                HAL_QSPI_ErrorCallback
 .text.QSPI_DMAAbortCplt
                0x08008718       0x38 ../../../libs/libDaisy/build\libdaisy.a(stm32h7xx_hal_qspi.o)
 .text.HAL_QSPI_AbortCpltCallback
                0x08008750        0x4 ../../../libs/libDaisy/build\libdaisy.a(stm32h7xx_hal_qspi.o)
                0x08008750                HAL_QSPI_AbortCpltCallback
 .text.HAL_QSPI_CmdCpltCallback
                0x08008754        0x4 ../../../libs/libDaisy/build\libdaisy.a(stm32h7xx_hal_qspi.o)
                0x08008754                HAL_QSPI_CmdCpltCallback
 .text.HAL_QSPI_RxCpltCallback
                0x08008758        0x4 ../../../libs/libDaisy/build\libdaisy.a(stm32h7xx_hal_qspi.o)
                0x08008758                HAL_QSPI_RxCpltCallback
 .text.HAL_QSPI_TxCpltCallback
                0x0800875c        0x4 ../../../libs/libDaisy/build\libdaisy.a(stm32h7xx_hal_qspi.o)
                0x0800875c                HAL_QSPI_TxCpltCallback
 .text.HAL_QSPI_FifoThresholdCallback
                0x08008760        0x4 ../../../libs/libDaisy/build\libdaisy.a(stm32h7xx_hal_qspi.o)
                0x08008760                HAL_QSPI_FifoThresholdCallback
 .text.HAL_QSPI_StatusMatchCallback
                0x08008764        0x4 ../../../libs/libDaisy/build\libdaisy.a(stm32h7xx_hal_qspi.o)
                0x08008764                HAL_QSPI_StatusMatchCallback
 .text.HAL_QSPI_TimeOutCallback
                0x08008768        0x4 ../../../libs/libDaisy/build\libdaisy.a(stm32h7xx_hal_qspi.o)
                0x08008768                HAL_QSPI_TimeOutCallback
 .text.HAL_QSPI_IRQHandler
                0x0800876c      0x210 ../../../libs/libDaisy/build\libdaisy.a(stm32h7xx_hal_qspi.o)
                0x0800876c                HAL_QSPI_IRQHandler
 .text.HAL_RCC_GetSysClockFreq.part.0
                0x0800897c      0x130 ../../../libs/libDaisy/build\libdaisy.a(stm32h7xx_hal_rcc.o)
 .text.HAL_RCC_OscConfig
                0x08008aac      0x5f4 ../../../libs/libDaisy/build\libdaisy.a(stm32h7xx_hal_rcc.o)
                0x08008aac                HAL_RCC_OscConfig
 .text.HAL_RCC_GetSysClockFreq
                0x080090a0      0x140 ../../../libs/libDaisy/build\libdaisy.a(stm32h7xx_hal_rcc.o)
                0x080090a0                HAL_RCC_GetSysClockFreq
 .text.HAL_RCC_ClockConfig
                0x080091e0      0x250 ../../../libs/libDaisy/build\libdaisy.a(stm32h7xx_hal_rcc.o)
                0x080091e0                HAL_RCC_ClockConfig
 .text.HAL_RCC_GetHCLKFreq
                0x08009430       0x80 ../../../libs/libDaisy/build\libdaisy.a(stm32h7xx_hal_rcc.o)
                0x08009430                HAL_RCC_GetHCLKFreq
 .text.HAL_RCC_GetPCLK1Freq
                0x080094b0       0x90 ../../../libs/libDaisy/build\libdaisy.a(stm32h7xx_hal_rcc.o)
                0x080094b0                HAL_RCC_GetPCLK1Freq
 .text.HAL_RCC_GetPCLK2Freq
                0x08009540       0x90 ../../../libs/libDaisy/build\libdaisy.a(stm32h7xx_hal_rcc.o)
                0x08009540                HAL_RCC_GetPCLK2Freq
 .text.RCCEx_PLL2_Config
                0x080095d0       0xf4 ../../../libs/libDaisy/build\libdaisy.a(stm32h7xx_hal_rcc_ex.o)
 .text.RCCEx_PLL3_Config
                0x080096c4       0xf4 ../../../libs/libDaisy/build\libdaisy.a(stm32h7xx_hal_rcc_ex.o)
 .text.HAL_RCCEx_PeriphCLKConfig
                0x080097b8      0xbf8 ../../../libs/libDaisy/build\libdaisy.a(stm32h7xx_hal_rcc_ex.o)
                0x080097b8                HAL_RCCEx_PeriphCLKConfig
 .text.HAL_RCCEx_GetD3PCLK1Freq
                0x0800a3b0       0x24 ../../../libs/libDaisy/build\libdaisy.a(stm32h7xx_hal_rcc_ex.o)
                0x0800a3b0                HAL_RCCEx_GetD3PCLK1Freq
 .text.HAL_RCCEx_GetPLL2ClockFreq
                0x0800a3d4      0x17c ../../../libs/libDaisy/build\libdaisy.a(stm32h7xx_hal_rcc_ex.o)
                0x0800a3d4                HAL_RCCEx_GetPLL2ClockFreq
 .text.HAL_RCCEx_GetPLL3ClockFreq
                0x0800a550      0x17c ../../../libs/libDaisy/build\libdaisy.a(stm32h7xx_hal_rcc_ex.o)
                0x0800a550                HAL_RCCEx_GetPLL3ClockFreq
 .text.HAL_RCCEx_GetPLL1ClockFreq
                0x0800a6cc      0x18c ../../../libs/libDaisy/build\libdaisy.a(stm32h7xx_hal_rcc_ex.o)
                0x0800a6cc                HAL_RCCEx_GetPLL1ClockFreq
 .text.HAL_RCCEx_GetPeriphCLKFreq
                0x0800a858      0x390 ../../../libs/libDaisy/build\libdaisy.a(stm32h7xx_hal_rcc_ex.o)
                0x0800a858                HAL_RCCEx_GetPeriphCLKFreq
 .text.HAL_SAI_Init.part.0
                0x0800abe8      0x390 ../../../libs/libDaisy/build\libdaisy.a(stm32h7xx_hal_sai.o)
 .text.HAL_SAI_InitProtocol
                0x0800af78      0x174 ../../../libs/libDaisy/build\libdaisy.a(stm32h7xx_hal_sai.o)
                0x0800af78                HAL_SAI_InitProtocol
 .text.HAL_SAI_Transmit_DMA
                0x0800b0ec      0x124 ../../../libs/libDaisy/build\libdaisy.a(stm32h7xx_hal_sai.o)
                0x0800b0ec                HAL_SAI_Transmit_DMA
 .text.HAL_SAI_Receive_DMA
                0x0800b210       0xd0 ../../../libs/libDaisy/build\libdaisy.a(stm32h7xx_hal_sai.o)
                0x0800b210                HAL_SAI_Receive_DMA
 .text.HAL_SAI_TxCpltCallback
                0x0800b2e0        0x4 ../../../libs/libDaisy/build\libdaisy.a(stm32h7xx_hal_sai.o)
                0x0800b2e0                HAL_SAI_TxCpltCallback
 .text.SAI_DMATxCplt
                0x0800b2e4       0x64 ../../../libs/libDaisy/build\libdaisy.a(stm32h7xx_hal_sai.o)
 .text.HAL_SAI_TxHalfCpltCallback
                0x0800b348        0x4 ../../../libs/libDaisy/build\libdaisy.a(stm32h7xx_hal_sai.o)
                0x0800b348                HAL_SAI_TxHalfCpltCallback
 .text.SAI_DMATxHalfCplt
                0x0800b34c        0xc ../../../libs/libDaisy/build\libdaisy.a(stm32h7xx_hal_sai.o)
 .text.SAI_DMARxCplt
                0x0800b358       0x64 ../../../libs/libDaisy/build\libdaisy.a(stm32h7xx_hal_sai.o)
 .text.SAI_DMARxHalfCplt
                0x0800b3bc        0xc ../../../libs/libDaisy/build\libdaisy.a(stm32h7xx_hal_sai.o)
 .text.HAL_SAI_ErrorCallback
                0x0800b3c8        0x4 ../../../libs/libDaisy/build\libdaisy.a(stm32h7xx_hal_sai.o)
                0x0800b3c8                HAL_SAI_ErrorCallback
 .text.SAI_DMAError
                0x0800b3cc       0x6c ../../../libs/libDaisy/build\libdaisy.a(stm32h7xx_hal_sai.o)
 .text.HAL_SDRAM_Init
                0x0800b438       0x54 ../../../libs/libDaisy/build\libdaisy.a(stm32h7xx_hal_sdram.o)
                0x0800b438                HAL_SDRAM_Init
 .text.HAL_SDRAM_SendCommand
                0x0800b48c       0x40 ../../../libs/libDaisy/build\libdaisy.a(stm32h7xx_hal_sdram.o)
                0x0800b48c                HAL_SDRAM_SendCommand
 .text.HAL_SDRAM_ProgramRefreshRate
                0x0800b4cc       0x30 ../../../libs/libDaisy/build\libdaisy.a(stm32h7xx_hal_sdram.o)
                0x0800b4cc                HAL_SDRAM_ProgramRefreshRate
 .text.FMC_SDRAM_Init
                0x0800b4fc       0x7c ../../../libs/libDaisy/build\libdaisy.a(stm32h7xx_ll_fmc.o)
                0x0800b4fc                FMC_SDRAM_Init
 .text.FMC_SDRAM_Timing_Init
                0x0800b578       0x98 ../../../libs/libDaisy/build\libdaisy.a(stm32h7xx_ll_fmc.o)
                0x0800b578                FMC_SDRAM_Timing_Init
 .text.FMC_SDRAM_SendCommand
                0x0800b610       0x30 ../../../libs/libDaisy/build\libdaisy.a(stm32h7xx_ll_fmc.o)
                0x0800b610                FMC_SDRAM_SendCommand
 .text.FMC_SDRAM_ProgramRefreshRate
                0x0800b640       0x1c ../../../libs/libDaisy/build\libdaisy.a(stm32h7xx_ll_fmc.o)
                0x0800b640                FMC_SDRAM_ProgramRefreshRate
 .text.USB_SetTurnaroundTime
                0x0800b65c       0xf4 ../../../libs/libDaisy/build\libdaisy.a(stm32h7xx_ll_usb.o)
                0x0800b65c                USB_SetTurnaroundTime
 .text.USB_FlushTxFifo
                0x0800b750       0x54 ../../../libs/libDaisy/build\libdaisy.a(stm32h7xx_ll_usb.o)
                0x0800b750                USB_FlushTxFifo
 .text.USB_FlushRxFifo
                0x0800b7a4       0x50 ../../../libs/libDaisy/build\libdaisy.a(stm32h7xx_ll_usb.o)
                0x0800b7a4                USB_FlushRxFifo
 .text.USB_GetDevSpeed
                0x0800b7f4       0x18 ../../../libs/libDaisy/build\libdaisy.a(stm32h7xx_ll_usb.o)
                0x0800b7f4                USB_GetDevSpeed
 .text.USB_ActivateEndpoint
                0x0800b80c       0x90 ../../../libs/libDaisy/build\libdaisy.a(stm32h7xx_ll_usb.o)
                0x0800b80c                USB_ActivateEndpoint
 .text.USB_EPStartXfer
                0x0800b89c      0x288 ../../../libs/libDaisy/build\libdaisy.a(stm32h7xx_ll_usb.o)
                0x0800b89c                USB_EPStartXfer
 .text.USB_EPStopXfer
                0x0800bb24       0x88 ../../../libs/libDaisy/build\libdaisy.a(stm32h7xx_ll_usb.o)
                0x0800bb24                USB_EPStopXfer
 .text.USB_WritePacket
                0x0800bbac       0x2c ../../../libs/libDaisy/build\libdaisy.a(stm32h7xx_ll_usb.o)
                0x0800bbac                USB_WritePacket
 .text.USB_ReadPacket
                0x0800bbd8       0x4c ../../../libs/libDaisy/build\libdaisy.a(stm32h7xx_ll_usb.o)
                0x0800bbd8                USB_ReadPacket
 .text.USB_EPSetStall
                0x0800bc24       0x68 ../../../libs/libDaisy/build\libdaisy.a(stm32h7xx_ll_usb.o)
                0x0800bc24                USB_EPSetStall
 .text.USB_EPClearStall
                0x0800bc8c       0x58 ../../../libs/libDaisy/build\libdaisy.a(stm32h7xx_ll_usb.o)
                0x0800bc8c                USB_EPClearStall
 .text.USB_SetDevAddress
                0x0800bce4       0x24 ../../../libs/libDaisy/build\libdaisy.a(stm32h7xx_ll_usb.o)
                0x0800bce4                USB_SetDevAddress
 .text.USB_ReadInterrupts
                0x0800bd08        0x8 ../../../libs/libDaisy/build\libdaisy.a(stm32h7xx_ll_usb.o)
                0x0800bd08                USB_ReadInterrupts
 .text.USB_ReadChInterrupts
                0x0800bd10       0x10 ../../../libs/libDaisy/build\libdaisy.a(stm32h7xx_ll_usb.o)
                0x0800bd10                USB_ReadChInterrupts
 .text.USB_ReadDevAllOutEpInterrupt
                0x0800bd20       0x10 ../../../libs/libDaisy/build\libdaisy.a(stm32h7xx_ll_usb.o)
                0x0800bd20                USB_ReadDevAllOutEpInterrupt
 .text.USB_ReadDevAllInEpInterrupt
                0x0800bd30       0x10 ../../../libs/libDaisy/build\libdaisy.a(stm32h7xx_ll_usb.o)
                0x0800bd30                USB_ReadDevAllInEpInterrupt
 .text.USB_ReadDevOutEPInterrupt
                0x0800bd40       0x14 ../../../libs/libDaisy/build\libdaisy.a(stm32h7xx_ll_usb.o)
                0x0800bd40                USB_ReadDevOutEPInterrupt
 .text.USB_ReadDevInEPInterrupt
                0x0800bd54       0x20 ../../../libs/libDaisy/build\libdaisy.a(stm32h7xx_ll_usb.o)
                0x0800bd54                USB_ReadDevInEPInterrupt
 .text.USB_GetMode
                0x0800bd74        0x8 ../../../libs/libDaisy/build\libdaisy.a(stm32h7xx_ll_usb.o)
                0x0800bd74                USB_GetMode
 .text.USB_ActivateSetup
                0x0800bd7c       0x2c ../../../libs/libDaisy/build\libdaisy.a(stm32h7xx_ll_usb.o)
                0x0800bd7c                USB_ActivateSetup
 .text.USB_EP0_OutStart
                0x0800bda8       0x58 ../../../libs/libDaisy/build\libdaisy.a(stm32h7xx_ll_usb.o)
                0x0800bda8                USB_EP0_OutStart
 .text.USB_InitFSLSPClkSel
                0x0800be00       0x44 ../../../libs/libDaisy/build\libdaisy.a(stm32h7xx_ll_usb.o)
                0x0800be00                USB_InitFSLSPClkSel
 .text.USB_HC_ReadInterrupt
                0x0800be44        0x8 ../../../libs/libDaisy/build\libdaisy.a(stm32h7xx_ll_usb.o)
                0x0800be44                USB_HC_ReadInterrupt
 .text.USB_HC_Halt
                0x0800be4c       0xe4 ../../../libs/libDaisy/build\libdaisy.a(stm32h7xx_ll_usb.o)
                0x0800be4c                USB_HC_Halt
 .text.USB_StopHost
                0x0800bf30      0x1e4 ../../../libs/libDaisy/build\libdaisy.a(stm32h7xx_ll_usb.o)
                0x0800bf30                USB_StopHost
 .text.USBD_SetClassConfig
                0x0800c114       0x10 ../../../libs/libDaisy/build\libdaisy.a(usbd_core.o)
                0x0800c114                USBD_SetClassConfig
 .text.USBD_ClrClassConfig
                0x0800c124       0x14 ../../../libs/libDaisy/build\libdaisy.a(usbd_core.o)
                0x0800c124                USBD_ClrClassConfig
 .text.USBD_LL_SetupStage
                0x0800c138       0x60 ../../../libs/libDaisy/build\libdaisy.a(usbd_core.o)
                0x0800c138                USBD_LL_SetupStage
 .text.USBD_LL_DataOutStage
                0x0800c198       0x74 ../../../libs/libDaisy/build\libdaisy.a(usbd_core.o)
                0x0800c198                USBD_LL_DataOutStage
 .text.USBD_LL_DataInStage
                0x0800c20c       0xc0 ../../../libs/libDaisy/build\libdaisy.a(usbd_core.o)
                0x0800c20c                USBD_LL_DataInStage
 .text.USBD_LL_Reset
                0x0800c2cc       0x5c ../../../libs/libDaisy/build\libdaisy.a(usbd_core.o)
                0x0800c2cc                USBD_LL_Reset
 .text.USBD_LL_SetSpeed
                0x0800c328        0x8 ../../../libs/libDaisy/build\libdaisy.a(usbd_core.o)
                0x0800c328                USBD_LL_SetSpeed
 .text.USBD_LL_Suspend
                0x0800c330       0x20 ../../../libs/libDaisy/build\libdaisy.a(usbd_core.o)
                0x0800c330                USBD_LL_Suspend
 .text.USBD_LL_Resume
                0x0800c350       0x18 ../../../libs/libDaisy/build\libdaisy.a(usbd_core.o)
                0x0800c350                USBD_LL_Resume
 .text.USBD_LL_SOF
                0x0800c368       0x20 ../../../libs/libDaisy/build\libdaisy.a(usbd_core.o)
                0x0800c368                USBD_LL_SOF
 .text.USBD_LL_IsoINIncomplete
                0x0800c388       0x2c ../../../libs/libDaisy/build\libdaisy.a(usbd_core.o)
                0x0800c388                USBD_LL_IsoINIncomplete
 .text.USBD_LL_IsoOUTIncomplete
                0x0800c3b4       0x2c ../../../libs/libDaisy/build\libdaisy.a(usbd_core.o)
                0x0800c3b4                USBD_LL_IsoOUTIncomplete
 .text.USBD_LL_DevConnected
                0x0800c3e0        0x4 ../../../libs/libDaisy/build\libdaisy.a(usbd_core.o)
                0x0800c3e0                USBD_LL_DevConnected
 .text.USBD_LL_DevDisconnected
                0x0800c3e4       0x24 ../../../libs/libDaisy/build\libdaisy.a(usbd_core.o)
                0x0800c3e4                USBD_LL_DevDisconnected
 .text.USBD_CoreFindIF
                0x0800c408        0x4 ../../../libs/libDaisy/build\libdaisy.a(usbd_core.o)
                0x0800c408                USBD_CoreFindIF
 .text.USBD_CoreFindEP
                0x0800c40c        0x4 ../../../libs/libDaisy/build\libdaisy.a(usbd_core.o)
                0x0800c40c                USBD_CoreFindEP
 .text.USBD_StdDevReq
                0x0800c410      0x360 ../../../libs/libDaisy/build\libdaisy.a(usbd_ctlreq.o)
                0x0800c410                USBD_StdDevReq
 .text.USBD_StdItfReq
                0x0800c770       0x84 ../../../libs/libDaisy/build\libdaisy.a(usbd_ctlreq.o)
                0x0800c770                USBD_StdItfReq
 .text.USBD_StdEPReq
                0x0800c7f4      0x160 ../../../libs/libDaisy/build\libdaisy.a(usbd_ctlreq.o)
                0x0800c7f4                USBD_StdEPReq
 .text.USBD_ParseSetupRequest
                0x0800c954       0x18 ../../../libs/libDaisy/build\libdaisy.a(usbd_ctlreq.o)
                0x0800c954                USBD_ParseSetupRequest
 .text.USBD_CtlSendData
                0x0800c96c       0x1c ../../../libs/libDaisy/build\libdaisy.a(usbd_ioreq.o)
                0x0800c96c                USBD_CtlSendData
 .text.USBD_CtlContinueSendData
                0x0800c988       0x14 ../../../libs/libDaisy/build\libdaisy.a(usbd_ioreq.o)
                0x0800c988                USBD_CtlContinueSendData
 .text.USBD_CtlContinueRx
                0x0800c99c       0x14 ../../../libs/libDaisy/build\libdaisy.a(usbd_ioreq.o)
                0x0800c99c                USBD_CtlContinueRx
 .text.USBD_CtlSendStatus
                0x0800c9b0       0x18 ../../../libs/libDaisy/build\libdaisy.a(usbd_ioreq.o)
                0x0800c9b0                USBD_CtlSendStatus
 .text.USBD_CtlReceiveStatus
                0x0800c9c8       0x18 ../../../libs/libDaisy/build\libdaisy.a(usbd_ioreq.o)
                0x0800c9c8                USBD_CtlReceiveStatus
 .text.USBH_LL_IncTimer
                0x0800c9e0       0x20 ../../../libs/libDaisy/build\libdaisy.a(usbh_core.o)
                0x0800c9e0                USBH_LL_IncTimer
 .text.USBH_LL_PortEnabled
                0x0800ca00        0x8 ../../../libs/libDaisy/build\libdaisy.a(usbh_core.o)
                0x0800ca00                USBH_LL_PortEnabled
 .text.USBH_LL_PortDisabled
                0x0800ca08        0x8 ../../../libs/libDaisy/build\libdaisy.a(usbh_core.o)
                0x0800ca08                USBH_LL_PortDisabled
 .text.USBH_LL_Connect
                0x0800ca10       0x18 ../../../libs/libDaisy/build\libdaisy.a(usbh_core.o)
                0x0800ca10                USBH_LL_Connect
 .text.USBH_LL_Disconnect
                0x0800ca28       0x2c ../../../libs/libDaisy/build\libdaisy.a(usbh_core.o)
                0x0800ca28                USBH_LL_Disconnect
 .text.USBH_FreePipe
                0x0800ca54       0x18 ../../../libs/libDaisy/build\libdaisy.a(usbh_pipes.o)
                0x0800ca54                USBH_FreePipe
 .text._ZN5daisy6Random4InitEv
                0x0800ca6c       0x3c ../../../libs/libDaisy/build\libdaisy.a(rng.o)
                0x0800ca6c                daisy::Random::Init()
 .text._ZN5daisy9SpiHandle4Impl7InitDmaEv
                0x0800caa8       0xec ../../../libs/libDaisy/build\libdaisy.a(spi.o)
                0x0800caa8                daisy::SpiHandle::Impl::InitDma()
 .text._ZN5daisy9SpiHandle4Impl10StartDmaTxEPhjPFvPvEPFvS3_NS0_6ResultEES3_
                0x0800cb94       0xc8 ../../../libs/libDaisy/build\libdaisy.a(spi.o)
                0x0800cb94                daisy::SpiHandle::Impl::StartDmaTx(unsigned char*, unsigned int, void (*)(void*), void (*)(void*, daisy::SpiHandle::Result), void*)
 .text._ZN5daisy9SpiHandle4Impl10StartDmaRxEPhjPFvPvEPFvS3_NS0_6ResultEES3_
                0x0800cc5c       0xc8 ../../../libs/libDaisy/build\libdaisy.a(spi.o)
                0x0800cc5c                daisy::SpiHandle::Impl::StartDmaRx(unsigned char*, unsigned int, void (*)(void*), void (*)(void*, daisy::SpiHandle::Result), void*)
 .text._ZN5daisy9SpiHandle4Impl12StartDmaRxTxEPhS2_jPFvPvEPFvS3_NS0_6ResultEES3_
                0x0800cd24       0xcc ../../../libs/libDaisy/build\libdaisy.a(spi.o)
                0x0800cd24                daisy::SpiHandle::Impl::StartDmaRxTx(unsigned char*, unsigned char*, unsigned int, void (*)(void*), void (*)(void*, daisy::SpiHandle::Result), void*)
 .text._ZN5daisy9SpiHandle4Impl8InitPinsEv
                0x0800cdf0      0x25c ../../../libs/libDaisy/build\libdaisy.a(spi.o)
                0x0800cdf0                daisy::SpiHandle::Impl::InitPins()
 .text.HAL_SPI_MspInit
                0x0800d04c      0x6e8 ../../../libs/libDaisy/build\libdaisy.a(spi.o)
                0x0800d04c                HAL_SPI_MspInit
 .text.dsy_spi_global_init
                0x0800d734       0x80 ../../../libs/libDaisy/build\libdaisy.a(spi.o)
                0x0800d734                dsy_spi_global_init
 .text.SPI1_IRQHandler
                0x0800d7b4        0xc ../../../libs/libDaisy/build\libdaisy.a(spi.o)
                0x0800d7b4                SPI1_IRQHandler
 .text.SPI2_IRQHandler
                0x0800d7c0        0xc ../../../libs/libDaisy/build\libdaisy.a(spi.o)
                0x0800d7c0                SPI2_IRQHandler
 .text.SPI3_IRQHandler
                0x0800d7cc        0xc ../../../libs/libDaisy/build\libdaisy.a(spi.o)
                0x0800d7cc                SPI3_IRQHandler
 .text.SPI4_IRQHandler
                0x0800d7d8        0xc ../../../libs/libDaisy/build\libdaisy.a(spi.o)
                0x0800d7d8                SPI4_IRQHandler
 .text.SPI5_IRQHandler
                0x0800d7e4        0xc ../../../libs/libDaisy/build\libdaisy.a(spi.o)
                0x0800d7e4                SPI5_IRQHandler
 .text.DMA2_Stream2_IRQHandler
                0x0800d7f0       0x34 ../../../libs/libDaisy/build\libdaisy.a(spi.o)
                0x0800d7f0                DMA2_Stream2_IRQHandler
 .text.DMA2_Stream3_IRQHandler
                0x0800d824       0x38 ../../../libs/libDaisy/build\libdaisy.a(spi.o)
                0x0800d824                DMA2_Stream3_IRQHandler
 .text.HAL_SPI_TxCpltCallback
                0x0800d85c       0xc4 ../../../libs/libDaisy/build\libdaisy.a(spi.o)
                0x0800d85c                HAL_SPI_TxCpltCallback
 .text.HAL_SPI_RxCpltCallback
                0x0800d920       0xc4 ../../../libs/libDaisy/build\libdaisy.a(spi.o)
                0x0800d920                HAL_SPI_RxCpltCallback
 .text.HAL_SPI_TxRxCpltCallback
                0x0800d9e4       0xc4 ../../../libs/libDaisy/build\libdaisy.a(spi.o)
                0x0800d9e4                HAL_SPI_TxRxCpltCallback
 .text.HAL_SPI_ErrorCallback
                0x0800daa8       0xc8 ../../../libs/libDaisy/build\libdaisy.a(spi.o)
                0x0800daa8                HAL_SPI_ErrorCallback
 .text.startup._GLOBAL__sub_I__Z19MapInstanceToHandleP11SPI_TypeDef
                0x0800db70      0x1d8 ../../../libs/libDaisy/build\libdaisy.a(spi.o)
 .text.HAL_TIM_Base_MspInit
                0x0800dd48      0x1e0 ../../../libs/libDaisy/build\libdaisy.a(tim.o)
                0x0800dd48                HAL_TIM_Base_MspInit
 .text.HAL_TIM_PeriodElapsedCallback
                0x0800df28       0x44 ../../../libs/libDaisy/build\libdaisy.a(tim.o)
                0x0800df28                HAL_TIM_PeriodElapsedCallback
 .text.TIM2_IRQHandler
                0x0800df6c        0xc ../../../libs/libDaisy/build\libdaisy.a(tim.o)
                0x0800df6c                TIM2_IRQHandler
 .text.TIM3_IRQHandler
                0x0800df78        0xc ../../../libs/libDaisy/build\libdaisy.a(tim.o)
                0x0800df78                TIM3_IRQHandler
 .text.TIM4_IRQHandler
                0x0800df84        0xc ../../../libs/libDaisy/build\libdaisy.a(tim.o)
                0x0800df84                TIM4_IRQHandler
 .text.TIM5_IRQHandler
                0x0800df90        0xc ../../../libs/libDaisy/build\libdaisy.a(tim.o)
                0x0800df90                TIM5_IRQHandler
 .text._ZN5daisy11TimerHandle4InitERKNS0_6ConfigE
                0x0800df9c       0xd0 ../../../libs/libDaisy/build\libdaisy.a(tim.o)
                0x0800df9c                daisy::TimerHandle::Init(daisy::TimerHandle::Config const&)
 .text._ZN5daisy11TimerHandle5StartEv
                0x0800e06c       0x24 ../../../libs/libDaisy/build\libdaisy.a(tim.o)
                0x0800e06c                daisy::TimerHandle::Start()
 .text.startup._GLOBAL__sub_I__ZN5daisy11TimerHandle4Impl4InitERKNS0_6ConfigE
                0x0800e090       0x38 ../../../libs/libDaisy/build\libdaisy.a(tim.o)
 .text._ZL20UART_CheckRxListenerPN5daisy11UartHandler4ImplE
                0x0800e0c8       0x84 ../../../libs/libDaisy/build\libdaisy.a(uart.o)
 .text._ZN5daisy11UartHandler4Impl10StartDmaTxEPhjPFvPvEPFvS3_NS0_6ResultEES3_
                0x0800e14c      0x184 ../../../libs/libDaisy/build\libdaisy.a(uart.o)
                0x0800e14c                daisy::UartHandler::Impl::StartDmaTx(unsigned char*, unsigned int, void (*)(void*), void (*)(void*, daisy::UartHandler::Result), void*)
 .text._ZN5daisy11UartHandler4Impl10StartDmaRxEPhjPFvPvEPFvS3_NS0_6ResultEES3_
                0x0800e2d0      0x184 ../../../libs/libDaisy/build\libdaisy.a(uart.o)
                0x0800e2d0                daisy::UartHandler::Impl::StartDmaRx(unsigned char*, unsigned int, void (*)(void*), void (*)(void*, daisy::UartHandler::Result), void*)
 .text._ZN5daisy11UartHandler4Impl19DmaTransferFinishedEP20__UART_HandleTypeDefNS0_6ResultE
                0x0800e454       0xc0 ../../../libs/libDaisy/build\libdaisy.a(uart.o)
                0x0800e454                daisy::UartHandler::Impl::DmaTransferFinished(__UART_HandleTypeDef*, daisy::UartHandler::Result)
 .text._ZN5daisy11UartHandler4Impl8InitPinsEv
                0x0800e514      0x148 ../../../libs/libDaisy/build\libdaisy.a(uart.o)
                0x0800e514                daisy::UartHandler::Impl::InitPins()
 .text.HAL_UART_MspInit
                0x0800e65c      0x4b4 ../../../libs/libDaisy/build\libdaisy.a(uart.o)
                0x0800e65c                HAL_UART_MspInit
 .text.dsy_uart_global_init
                0x0800eb10      0x110 ../../../libs/libDaisy/build\libdaisy.a(uart.o)
                0x0800eb10                dsy_uart_global_init
 .text.USART1_IRQHandler
                0x0800ec20       0x2c ../../../libs/libDaisy/build\libdaisy.a(uart.o)
                0x0800ec20                USART1_IRQHandler
 .text.USART2_IRQHandler
                0x0800ec4c       0x34 ../../../libs/libDaisy/build\libdaisy.a(uart.o)
                0x0800ec4c                USART2_IRQHandler
 .text.USART3_IRQHandler
                0x0800ec80       0x34 ../../../libs/libDaisy/build\libdaisy.a(uart.o)
                0x0800ec80                USART3_IRQHandler
 .text.UART4_IRQHandler
                0x0800ecb4       0x34 ../../../libs/libDaisy/build\libdaisy.a(uart.o)
                0x0800ecb4                UART4_IRQHandler
 .text.UART5_IRQHandler
                0x0800ece8       0x34 ../../../libs/libDaisy/build\libdaisy.a(uart.o)
                0x0800ece8                UART5_IRQHandler
 .text.USART6_IRQHandler
                0x0800ed1c       0x34 ../../../libs/libDaisy/build\libdaisy.a(uart.o)
                0x0800ed1c                USART6_IRQHandler
 .text.UART7_IRQHandler
                0x0800ed50       0x34 ../../../libs/libDaisy/build\libdaisy.a(uart.o)
                0x0800ed50                UART7_IRQHandler
 .text.UART8_IRQHandler
                0x0800ed84       0x34 ../../../libs/libDaisy/build\libdaisy.a(uart.o)
                0x0800ed84                UART8_IRQHandler
 .text.LPUART1_IRQHandler
                0x0800edb8       0x34 ../../../libs/libDaisy/build\libdaisy.a(uart.o)
                0x0800edb8                LPUART1_IRQHandler
 .text.DMA1_Stream5_IRQHandler
                0x0800edec       0x34 ../../../libs/libDaisy/build\libdaisy.a(uart.o)
                0x0800edec                DMA1_Stream5_IRQHandler
 .text.DMA2_Stream4_IRQHandler
                0x0800ee20       0x38 ../../../libs/libDaisy/build\libdaisy.a(uart.o)
                0x0800ee20                DMA2_Stream4_IRQHandler
 .text.HAL_UART_TxCpltCallback
                0x0800ee58        0x8 ../../../libs/libDaisy/build\libdaisy.a(uart.o)
                0x0800ee58                HAL_UART_TxCpltCallback
 .text.HAL_UART_RxCpltCallback
                0x0800ee60       0x94 ../../../libs/libDaisy/build\libdaisy.a(uart.o)
                0x0800ee60                HAL_UART_RxCpltCallback
 .text.HAL_UART_RxHalfCpltCallback
                0x0800eef4       0x90 ../../../libs/libDaisy/build\libdaisy.a(uart.o)
                0x0800eef4                HAL_UART_RxHalfCpltCallback
 .text.HAL_UART_ErrorCallback
                0x0800ef84       0x94 ../../../libs/libDaisy/build\libdaisy.a(uart.o)
                0x0800ef84                HAL_UART_ErrorCallback
 .text.startup._GLOBAL__sub_I__Z19MapInstanceToHandleP13USART_TypeDef
                0x0800f018      0x1b0 ../../../libs/libDaisy/build\libdaisy.a(uart.o)
 .text.dsy_dma_init
                0x0800f1c8      0x100 ../../../libs/libDaisy/build\libdaisy.a(dma.o)
                0x0800f1c8                dsy_dma_init
 .text.dsy_dma_invalidate_cache_for_buffer
                0x0800f2c8       0x2c ../../../libs/libDaisy/build\libdaisy.a(dma.o)
                0x0800f2c8                dsy_dma_invalidate_cache_for_buffer
 .text.HAL_MDMA_Abort_IT
                0x0800f2f4       0x2c ../../../libs/libDaisy/build\libdaisy.a(stm32h7xx_hal_mdma.o)
                0x0800f2f4                HAL_MDMA_Abort_IT
 .text.SPI_CloseTransfer
                0x0800f320       0xb8 ../../../libs/libDaisy/build\libdaisy.a(stm32h7xx_hal_spi.o)
 .text.HAL_SPI_Init
                0x0800f3d8      0x1a8 ../../../libs/libDaisy/build\libdaisy.a(stm32h7xx_hal_spi.o)
                0x0800f3d8                HAL_SPI_Init
 .text.HAL_SPI_Transmit_DMA
                0x0800f580      0x180 ../../../libs/libDaisy/build\libdaisy.a(stm32h7xx_hal_spi.o)
                0x0800f580                HAL_SPI_Transmit_DMA
 .text.HAL_SPI_Receive_DMA
                0x0800f700      0x194 ../../../libs/libDaisy/build\libdaisy.a(stm32h7xx_hal_spi.o)
                0x0800f700                HAL_SPI_Receive_DMA
 .text.HAL_SPI_TransmitReceive_DMA
                0x0800f894      0x214 ../../../libs/libDaisy/build\libdaisy.a(stm32h7xx_hal_spi.o)
                0x0800f894                HAL_SPI_TransmitReceive_DMA
 .text.SPI_DMATransmitCplt
                0x0800faa8       0x28 ../../../libs/libDaisy/build\libdaisy.a(stm32h7xx_hal_spi.o)
 .text.SPI_DMAReceiveCplt
                0x0800fad0       0x28 ../../../libs/libDaisy/build\libdaisy.a(stm32h7xx_hal_spi.o)
 .text.SPI_DMATransmitReceiveCplt
                0x0800faf8       0x28 ../../../libs/libDaisy/build\libdaisy.a(stm32h7xx_hal_spi.o)
 .text.HAL_SPI_TxHalfCpltCallback
                0x0800fb20        0x4 ../../../libs/libDaisy/build\libdaisy.a(stm32h7xx_hal_spi.o)
                0x0800fb20                HAL_SPI_TxHalfCpltCallback
 .text.SPI_DMAHalfTransmitCplt
                0x0800fb24        0xc ../../../libs/libDaisy/build\libdaisy.a(stm32h7xx_hal_spi.o)
 .text.HAL_SPI_RxHalfCpltCallback
                0x0800fb30        0x4 ../../../libs/libDaisy/build\libdaisy.a(stm32h7xx_hal_spi.o)
                0x0800fb30                HAL_SPI_RxHalfCpltCallback
 .text.SPI_DMAHalfReceiveCplt
                0x0800fb34        0xc ../../../libs/libDaisy/build\libdaisy.a(stm32h7xx_hal_spi.o)
 .text.HAL_SPI_TxRxHalfCpltCallback
                0x0800fb40        0x4 ../../../libs/libDaisy/build\libdaisy.a(stm32h7xx_hal_spi.o)
                0x0800fb40                HAL_SPI_TxRxHalfCpltCallback
 .text.SPI_DMAHalfTransmitReceiveCplt
                0x0800fb44        0xc ../../../libs/libDaisy/build\libdaisy.a(stm32h7xx_hal_spi.o)
 .text.SPI_DMAError
                0x0800fb50       0xd8 ../../../libs/libDaisy/build\libdaisy.a(stm32h7xx_hal_spi.o)
 .text.SPI_DMAAbortOnError
                0x0800fc28       0x1c ../../../libs/libDaisy/build\libdaisy.a(stm32h7xx_hal_spi.o)
 .text.HAL_SPI_SuspendCallback
                0x0800fc44        0x4 ../../../libs/libDaisy/build\libdaisy.a(stm32h7xx_hal_spi.o)
                0x0800fc44                HAL_SPI_SuspendCallback
 .text.HAL_SPI_IRQHandler
                0x0800fc48      0x214 ../../../libs/libDaisy/build\libdaisy.a(stm32h7xx_hal_spi.o)
                0x0800fc48                HAL_SPI_IRQHandler
 .text.HAL_SPI_GetState
                0x0800fe5c        0x8 ../../../libs/libDaisy/build\libdaisy.a(stm32h7xx_hal_spi.o)
                0x0800fe5c                HAL_SPI_GetState
 .text.HAL_TIM_Base_Init
                0x0800fe64      0x16c ../../../libs/libDaisy/build\libdaisy.a(stm32h7xx_hal_tim.o)
                0x0800fe64                HAL_TIM_Base_Init
 .text.HAL_TIM_Base_Start
                0x0800ffd0       0xb0 ../../../libs/libDaisy/build\libdaisy.a(stm32h7xx_hal_tim.o)
                0x0800ffd0                HAL_TIM_Base_Start
 .text.HAL_TIM_Base_Start_IT
                0x08010080       0xb8 ../../../libs/libDaisy/build\libdaisy.a(stm32h7xx_hal_tim.o)
                0x08010080                HAL_TIM_Base_Start_IT
 .text.HAL_TIM_ConfigClockSource
                0x08010138      0x198 ../../../libs/libDaisy/build\libdaisy.a(stm32h7xx_hal_tim.o)
                0x08010138                HAL_TIM_ConfigClockSource
 .text.HAL_TIM_OC_DelayElapsedCallback
                0x080102d0        0x4 ../../../libs/libDaisy/build\libdaisy.a(stm32h7xx_hal_tim.o)
                0x080102d0                HAL_TIM_OC_DelayElapsedCallback
 .text.HAL_TIM_IC_CaptureCallback
                0x080102d4        0x4 ../../../libs/libDaisy/build\libdaisy.a(stm32h7xx_hal_tim.o)
                0x080102d4                HAL_TIM_IC_CaptureCallback
 .text.HAL_TIM_PWM_PulseFinishedCallback
                0x080102d8        0x4 ../../../libs/libDaisy/build\libdaisy.a(stm32h7xx_hal_tim.o)
                0x080102d8                HAL_TIM_PWM_PulseFinishedCallback
 .text.HAL_TIM_TriggerCallback
                0x080102dc        0x4 ../../../libs/libDaisy/build\libdaisy.a(stm32h7xx_hal_tim.o)
                0x080102dc                HAL_TIM_TriggerCallback
 .text.HAL_TIM_IRQHandler
                0x080102e0      0x154 ../../../libs/libDaisy/build\libdaisy.a(stm32h7xx_hal_tim.o)
                0x080102e0                HAL_TIM_IRQHandler
 .text.HAL_TIMEx_MasterConfigSynchronization
                0x08010434       0xb4 ../../../libs/libDaisy/build\libdaisy.a(stm32h7xx_hal_tim_ex.o)
                0x08010434                HAL_TIMEx_MasterConfigSynchronization
 .text.HAL_TIMEx_CommutCallback
                0x080104e8        0x4 ../../../libs/libDaisy/build\libdaisy.a(stm32h7xx_hal_tim_ex.o)
                0x080104e8                HAL_TIMEx_CommutCallback
 .text.HAL_TIMEx_BreakCallback
                0x080104ec        0x4 ../../../libs/libDaisy/build\libdaisy.a(stm32h7xx_hal_tim_ex.o)
                0x080104ec                HAL_TIMEx_BreakCallback
 .text.HAL_TIMEx_Break2Callback
                0x080104f0        0x4 ../../../libs/libDaisy/build\libdaisy.a(stm32h7xx_hal_tim_ex.o)
                0x080104f0                HAL_TIMEx_Break2Callback
 .text.HAL_UART_Transmit_DMA
                0x080104f4       0x8c ../../../libs/libDaisy/build\libdaisy.a(stm32h7xx_hal_uart.o)
                0x080104f4                HAL_UART_Transmit_DMA
 .text.UART_DMATransmitCplt
                0x08010580       0x44 ../../../libs/libDaisy/build\libdaisy.a(stm32h7xx_hal_uart.o)
 .text.HAL_UART_TxHalfCpltCallback
                0x080105c4        0x4 ../../../libs/libDaisy/build\libdaisy.a(stm32h7xx_hal_uart.o)
                0x080105c4                HAL_UART_TxHalfCpltCallback
 .text.UART_DMATxHalfCplt
                0x080105c8        0xc ../../../libs/libDaisy/build\libdaisy.a(stm32h7xx_hal_uart.o)
 .text.UART_DMAError
                0x080105d4       0xd4 ../../../libs/libDaisy/build\libdaisy.a(stm32h7xx_hal_uart.o)
 .text.UART_DMAAbortOnError
                0x080106a8       0x14 ../../../libs/libDaisy/build\libdaisy.a(stm32h7xx_hal_uart.o)
 .text.HAL_UARTEx_RxEventCallback
                0x080106bc        0x4 ../../../libs/libDaisy/build\libdaisy.a(stm32h7xx_hal_uart.o)
                0x080106bc                HAL_UARTEx_RxEventCallback
 .text.HAL_UART_IRQHandler
                0x080106c0      0x380 ../../../libs/libDaisy/build\libdaisy.a(stm32h7xx_hal_uart.o)
                0x080106c0                HAL_UART_IRQHandler
 .text.UART_DMARxHalfCplt
                0x08010a40       0x20 ../../../libs/libDaisy/build\libdaisy.a(stm32h7xx_hal_uart.o)
 .text.UART_DMAReceiveCplt
                0x08010a60       0x9c ../../../libs/libDaisy/build\libdaisy.a(stm32h7xx_hal_uart.o)
 .text.HAL_UART_GetState
                0x08010afc        0xc ../../../libs/libDaisy/build\libdaisy.a(stm32h7xx_hal_uart.o)
                0x08010afc                HAL_UART_GetState
 .text.UART_SetConfig
                0x08010b08      0x534 ../../../libs/libDaisy/build\libdaisy.a(stm32h7xx_hal_uart.o)
                0x08010b08                UART_SetConfig
 .text.UART_AdvFeatureConfig
                0x0801103c       0xb0 ../../../libs/libDaisy/build\libdaisy.a(stm32h7xx_hal_uart.o)
                0x0801103c                UART_AdvFeatureConfig
 .text.UART_CheckIdleState
                0x080110ec      0x260 ../../../libs/libDaisy/build\libdaisy.a(stm32h7xx_hal_uart.o)
                0x080110ec                UART_CheckIdleState
 .text.HAL_UART_Init
                0x0801134c       0x68 ../../../libs/libDaisy/build\libdaisy.a(stm32h7xx_hal_uart.o)
                0x0801134c                HAL_UART_Init
 .text.UART_Start_Receive_DMA
                0x080113b4       0xa4 ../../../libs/libDaisy/build\libdaisy.a(stm32h7xx_hal_uart.o)
                0x080113b4                UART_Start_Receive_DMA
 .text.HAL_UART_Receive_DMA
                0x08011458       0x48 ../../../libs/libDaisy/build\libdaisy.a(stm32h7xx_hal_uart.o)
                0x08011458                HAL_UART_Receive_DMA
 .text.HAL_UARTEx_WakeupCallback
                0x080114a0        0x4 ../../../libs/libDaisy/build\libdaisy.a(stm32h7xx_hal_uart_ex.o)
                0x080114a0                HAL_UARTEx_WakeupCallback
 .text.HAL_UARTEx_RxFifoFullCallback
                0x080114a4        0x4 ../../../libs/libDaisy/build\libdaisy.a(stm32h7xx_hal_uart_ex.o)
                0x080114a4                HAL_UARTEx_RxFifoFullCallback
 .text.HAL_UARTEx_TxFifoEmptyCallback
                0x080114a8        0x4 ../../../libs/libDaisy/build\libdaisy.a(stm32h7xx_hal_uart_ex.o)
                0x080114a8                HAL_UARTEx_TxFifoEmptyCallback
 .text._ZN7daisysp7Tremolo4InitEf
                0x080114ac       0x90 ../../../libs/DaisySP/build\libdaisysp.a(tremolo.o)
                0x080114ac                daisysp::Tremolo::Init(float)
 .text._ZN7daisysp7Tremolo7ProcessEf
                0x0801153c       0x24 ../../../libs/DaisySP/build\libdaisysp.a(tremolo.o)
                0x0801153c                daisysp::Tremolo::Process(float)
 .text._ZN7daisysp7Tremolo7SetFreqEf
                0x08011560       0x14 ../../../libs/DaisySP/build\libdaisysp.a(tremolo.o)
                0x08011560                daisysp::Tremolo::SetFreq(float)
 .text._ZN7daisysp10Oscillator7ProcessEv
                0x08011574      0x36c ../../../libs/DaisySP/build\libdaisysp.a(oscillator.o)
                0x08011574                daisysp::Oscillator::Process()
 .text._ZN7daisysp10Oscillator12CalcPhaseIncEf
                0x080118e0        0xc ../../../libs/DaisySP/build\libdaisysp.a(oscillator.o)
                0x080118e0                daisysp::Oscillator::CalcPhaseInc(float)
 .text.__aeabi_atexit
                0x080118ec        0xa c:/program files/daisytoolchain/bin/../lib/gcc/arm-none-eabi/10.2.1/../../../../arm-none-eabi/lib/thumb/v7e-m+dp/hard\libstdc++_nano.a(atexit_arm.o)
                0x080118ec                __aeabi_atexit
 *fill*         0x080118f6        0x2 
 .text.sinf     0x080118f8      0x20c c:/program files/daisytoolchain/bin/../lib/gcc/arm-none-eabi/10.2.1/../../../../arm-none-eabi/lib/thumb/v7e-m+dp/hard\libm.a(lib_a-sinf.o)
                0x080118f8                sinf
 .text.with_errnof
                0x08011b04       0x18 c:/program files/daisytoolchain/bin/../lib/gcc/arm-none-eabi/10.2.1/../../../../arm-none-eabi/lib/thumb/v7e-m+dp/hard\libm.a(lib_a-math_errf.o)
 .text.__math_invalidf
                0x08011b1c       0x20 c:/program files/daisytoolchain/bin/../lib/gcc/arm-none-eabi/10.2.1/../../../../arm-none-eabi/lib/thumb/v7e-m+dp/hard\libm.a(lib_a-math_errf.o)
                0x08011b1c                __math_invalidf
 .text.__cxa_atexit
                0x08011b3c       0x1c c:/program files/daisytoolchain/bin/../lib/gcc/arm-none-eabi/10.2.1/../../../../arm-none-eabi/lib/thumb/v7e-m+dp/hard\libc_nano.a(lib_a-cxa_atexit.o)
                0x08011b3c                __cxa_atexit
 .text.__errno  0x08011b58        0xc c:/program files/daisytoolchain/bin/../lib/gcc/arm-none-eabi/10.2.1/../../../../arm-none-eabi/lib/thumb/v7e-m+dp/hard\libc_nano.a(lib_a-errno.o)
                0x08011b58                __errno
 .text.__libc_init_array
                0x08011b64       0x48 c:/program files/daisytoolchain/bin/../lib/gcc/arm-none-eabi/10.2.1/../../../../arm-none-eabi/lib/thumb/v7e-m+dp/hard\libc_nano.a(lib_a-init.o)
                0x08011b64                __libc_init_array
 .text.memcpy   0x08011bac       0x1c c:/program files/daisytoolchain/bin/../lib/gcc/arm-none-eabi/10.2.1/../../../../arm-none-eabi/lib/thumb/v7e-m+dp/hard\libc_nano.a(lib_a-memcpy-stub.o)
                0x08011bac                memcpy
 .text.memset   0x08011bc8       0x10 c:/program files/daisytoolchain/bin/../lib/gcc/arm-none-eabi/10.2.1/../../../../arm-none-eabi/lib/thumb/v7e-m+dp/hard\libc_nano.a(lib_a-memset.o)
                0x08011bc8                memset
 *(.rodata)
 .rodata        0x08011bd8       0x10 ../../../libs/libDaisy/build\libdaisy.a(daisy_seed.o)
 .rodata        0x08011be8       0x10 ../../../libs/libDaisy/build\libdaisy.a(i2c.o)
 .rodata        0x08011bf8       0x10 ../../../libs/libDaisy/build\libdaisy.a(tim.o)
 .rodata        0x08011c08       0x12 ../../../libs/libDaisy/build\libdaisy.a(uart.o)
 *(.rodata*)
 *fill*         0x08011c1a        0x2 
 .rodata.main.str1.4
                0x08011c1c       0x12 build/main.o
 *fill*         0x08011c2e        0x2 
 .rodata._ZTV13EffectWrapperIN7daisysp10OscillatorEfffvE
                0x08011c30        0xc build/main.o
                0x08011c30                vtable for EffectWrapper<daisysp::Oscillator, float, float, float, void>
 .rodata._ZTV13EffectWrapperIN7daisysp7TremoloEfffvE
                0x08011c3c        0xc build/main.o
                0x08011c3c                vtable for EffectWrapper<daisysp::Tremolo, float, float, float, void>
 .rodata._ZN5daisy10QSPIHandle4Impl5GetAFEj.str1.4
                0x08011c48        0x7 ../../../libs/libDaisy/build\libdaisy.a(qspi.o)
 *fill*         0x08011c4f        0x1 
 .rodata.CSWTCH.53
                0x08011c50       0x14 ../../../libs/libDaisy/build\libdaisy.a(sai.o)
 .rodata.D1CorePrescTable
                0x08011c64       0x10 ../../../libs/libDaisy/build\libdaisy.a(system_stm32h7xx.o)
                0x08011c64                D1CorePrescTable
 .rodata.CSWTCH.24
                0x08011c74        0x4 ../../../libs/libDaisy/build\libdaisy.a(usbd_conf.o)
 .rodata.CSWTCH.19
                0x08011c78        0x4 ../../../libs/libDaisy/build\libdaisy.a(usbh_conf.o)
 .rodata.flagBitshiftOffset.0
                0x08011c7c        0x8 ../../../libs/libDaisy/build\libdaisy.a(stm32h7xx_hal_dma.o)
 .rodata._ZL13pins_none_spi
                0x08011c84        0x3 ../../../libs/libDaisy/build\libdaisy.a(spi.o)
 *fill*         0x08011c87        0x1 
 .rodata._ZL16pins_periphs_spi
                0x08011c88       0x60 ../../../libs/libDaisy/build\libdaisy.a(spi.o)
 .rodata.CSWTCH.61
                0x08011ce8       0x29 ../../../libs/libDaisy/build\libdaisy.a(stm32h7xx_hal_uart.o)
 *fill*         0x08011d11        0x3 
 .rodata.CSWTCH.62
                0x08011d14        0x6 ../../../libs/libDaisy/build\libdaisy.a(stm32h7xx_hal_uart.o)
 *fill*         0x08011d1a        0x2 
 .rodata.CSWTCH.69
                0x08011d1c        0x6 ../../../libs/libDaisy/build\libdaisy.a(stm32h7xx_hal_uart.o)
 *fill*         0x08011d22        0x2 
 .rodata.UARTPrescTable
                0x08011d24       0x18 ../../../libs/libDaisy/build\libdaisy.a(stm32h7xx_hal_uart.o)
                0x08011d24                UARTPrescTable
 .rodata.__inv_pio4
                0x08011d3c       0x60 c:/program files/daisytoolchain/bin/../lib/gcc/arm-none-eabi/10.2.1/../../../../arm-none-eabi/lib/thumb/v7e-m+dp/hard\libm.a(lib_a-sincosf_data.o)
                0x08011d3c                __inv_pio4
 *fill*         0x08011d9c        0x4 
 .rodata.__sincosf_table
                0x08011da0       0xe0 c:/program files/daisytoolchain/bin/../lib/gcc/arm-none-eabi/10.2.1/../../../../arm-none-eabi/lib/thumb/v7e-m+dp/hard\libm.a(lib_a-sincosf_data.o)
                0x08011da0                __sincosf_table
 .rodata.__sf_fake_stderr
                0x08011e80       0x20 c:/program files/daisytoolchain/bin/../lib/gcc/arm-none-eabi/10.2.1/../../../../arm-none-eabi/lib/thumb/v7e-m+dp/hard\libc_nano.a(lib_a-findfp.o)
                0x08011e80                __sf_fake_stderr
 .rodata.__sf_fake_stdin
                0x08011ea0       0x20 c:/program files/daisytoolchain/bin/../lib/gcc/arm-none-eabi/10.2.1/../../../../arm-none-eabi/lib/thumb/v7e-m+dp/hard\libc_nano.a(lib_a-findfp.o)
                0x08011ea0                __sf_fake_stdin
 .rodata.__sf_fake_stdout
                0x08011ec0       0x20 c:/program files/daisytoolchain/bin/../lib/gcc/arm-none-eabi/10.2.1/../../../../arm-none-eabi/lib/thumb/v7e-m+dp/hard\libc_nano.a(lib_a-findfp.o)
                0x08011ec0                __sf_fake_stdout
 *(.glue_7)
 .glue_7        0x08011ee0        0x0 linker stubs
 *(.glue_7t)
 .glue_7t       0x08011ee0        0x0 linker stubs
 *(.init)
 .init          0x08011ee0        0x4 c:/program files/daisytoolchain/bin/../lib/gcc/arm-none-eabi/10.2.1/thumb/v7e-m+dp/hard/crti.o
                0x08011ee0                _init
 .init          0x08011ee4        0x8 c:/program files/daisytoolchain/bin/../lib/gcc/arm-none-eabi/10.2.1/thumb/v7e-m+dp/hard/crtn.o
 *(.fini)
 .fini          0x08011eec        0x4 c:/program files/daisytoolchain/bin/../lib/gcc/arm-none-eabi/10.2.1/thumb/v7e-m+dp/hard/crti.o
                0x08011eec                _fini
 .fini          0x08011ef0        0x8 c:/program files/daisytoolchain/bin/../lib/gcc/arm-none-eabi/10.2.1/thumb/v7e-m+dp/hard/crtn.o
                0x08011ef8                . = ALIGN (0x4)
                0x08011ef8                _etext = .

.eh_frame       0x08011ef8        0x0
 .eh_frame      0x08011ef8        0x0 c:/program files/daisytoolchain/bin/../lib/gcc/arm-none-eabi/10.2.1/thumb/v7e-m+dp/hard/crtbegin.o

.vfp11_veneer   0x08011ef8        0x0
 .vfp11_veneer  0x08011ef8        0x0 linker stubs

.v4_bx          0x08011ef8        0x0
 .v4_bx         0x08011ef8        0x0 linker stubs

.iplt           0x08011ef8        0x0
 .iplt          0x08011ef8        0x0 c:/program files/daisytoolchain/bin/../lib/gcc/arm-none-eabi/10.2.1/thumb/v7e-m+dp/hard/crtbegin.o

.ARM.extab      0x08011ef8        0x0
                0x08011ef8                . = ALIGN (0x4)
 *(.ARM.extab)
 *(.gnu.linkonce.armextab.*)
                0x08011ef8                . = ALIGN (0x4)

.exidx          0x08011ef8        0x8
                0x08011ef8                . = ALIGN (0x4)
                [!provide]                PROVIDE (__exidx_start = .)
 *(.ARM.exidx*)
 .ARM.exidx     0x08011ef8        0x8 c:/program files/daisytoolchain/bin/../lib/gcc/arm-none-eabi/10.2.1/thumb/v7e-m+dp/hard\libgcc.a(_udivmoddi4.o)
                0x08011f00                . = ALIGN (0x4)
                [!provide]                PROVIDE (__exidx_end = .)

.rel.dyn        0x08011f00        0x0
 .rel.iplt      0x08011f00        0x0 c:/program files/daisytoolchain/bin/../lib/gcc/arm-none-eabi/10.2.1/thumb/v7e-m+dp/hard/crtbegin.o

.ARM.attributes
                0x00000000       0x2e
 *(.ARM.attributes)
 .ARM.attributes
                0x00000000       0x1e c:/program files/daisytoolchain/bin/../lib/gcc/arm-none-eabi/10.2.1/thumb/v7e-m+dp/hard/crti.o
 .ARM.attributes
                0x0000001e       0x32 c:/program files/daisytoolchain/bin/../lib/gcc/arm-none-eabi/10.2.1/thumb/v7e-m+dp/hard/crtbegin.o
 .ARM.attributes
                0x00000050       0x32 build/startup_stm32h750xx.o
 .ARM.attributes
                0x00000082       0x32 build/main.o
 .ARM.attributes
                0x000000b4       0x32 ../../../libs/libDaisy/build\libdaisy.a(daisy_seed.o)
 .ARM.attributes
                0x000000e6       0x32 ../../../libs/libDaisy/build\libdaisy.a(codec_ak4556.o)
 .ARM.attributes
                0x00000118       0x32 ../../../libs/libDaisy/build\libdaisy.a(codec_wm8731.o)
 .ARM.attributes
                0x0000014a       0x32 ../../../libs/libDaisy/build\libdaisy.a(sdram.o)
 .ARM.attributes
                0x0000017c       0x32 ../../../libs/libDaisy/build\libdaisy.a(audio.o)
 .ARM.attributes
                0x000001ae       0x32 ../../../libs/libDaisy/build\libdaisy.a(gpio.o)
 .ARM.attributes
                0x000001e0       0x32 ../../../libs/libDaisy/build\libdaisy.a(i2c.o)
 .ARM.attributes
                0x00000212       0x32 ../../../libs/libDaisy/build\libdaisy.a(qspi.o)
 .ARM.attributes
                0x00000244       0x32 ../../../libs/libDaisy/build\libdaisy.a(sai.o)
 .ARM.attributes
                0x00000276       0x32 ../../../libs/libDaisy/build\libdaisy.a(system.o)
 .ARM.attributes
                0x000002a8       0x32 ../../../libs/libDaisy/build\libdaisy.a(system_stm32h7xx.o)
 .ARM.attributes
                0x000002da       0x32 ../../../libs/libDaisy/build\libdaisy.a(usbd_conf.o)
 .ARM.attributes
                0x0000030c       0x32 ../../../libs/libDaisy/build\libdaisy.a(usbh_conf.o)
 .ARM.attributes
                0x0000033e       0x32 ../../../libs/libDaisy/build\libdaisy.a(stm32h7xx_hal.o)
 .ARM.attributes
                0x00000370       0x32 ../../../libs/libDaisy/build\libdaisy.a(stm32h7xx_hal_cortex.o)
 .ARM.attributes
                0x000003a2       0x32 ../../../libs/libDaisy/build\libdaisy.a(stm32h7xx_hal_dma.o)
 .ARM.attributes